Component: ARM Compiler 6.16 Tool: armlink [5dfeaa00]

==============================================================================

Section Cross References

    i2c.o(.ARM.exidx.text.I2C_Init) refers to i2c.o(.text.I2C_Init) for [Anonymous Symbol]
    i2c.o(.text.I2C_Ping) refers to i2c.o(.text.i2c_enable) for i2c_enable
    i2c.o(.text.I2C_Ping) refers to i2c.o(.text.i2c_tran) for i2c_tran
    i2c.o(.text.I2C_Ping) refers to i2c.o(.text.i2c_m_start) for i2c_m_start
    i2c.o(.text.I2C_Ping) refers to i2c.o(.text.i2c_send) for i2c_send
    i2c.o(.text.I2C_Ping) refers to i2c.o(.text.i2c_wait) for i2c_wait
    i2c.o(.text.I2C_Ping) refers to i2c.o(.text.i2c_m_stop) for i2c_m_stop
    i2c.o(.text.I2C_Ping) refers to i2c.o(.text.i2c_disable) for i2c_disable
    i2c.o(.text.I2C_Ping) refers to i2c.o(.bss.error) for [Anonymous Symbol]
    i2c.o(.ARM.exidx.text.I2C_Ping) refers to i2c.o(.text.I2C_Ping) for [Anonymous Symbol]
    i2c.o(.ARM.exidx.text.i2c_enable) refers to i2c.o(.text.i2c_enable) for [Anonymous Symbol]
    i2c.o(.ARM.exidx.text.i2c_tran) refers to i2c.o(.text.i2c_tran) for [Anonymous Symbol]
    i2c.o(.ARM.exidx.text.i2c_m_start) refers to i2c.o(.text.i2c_m_start) for [Anonymous Symbol]
    i2c.o(.ARM.exidx.text.i2c_send) refers to i2c.o(.text.i2c_send) for [Anonymous Symbol]
    i2c.o(.text.i2c_wait) refers to i2c.o(.text.i2c_clr_IICIF) for i2c_clr_IICIF
    i2c.o(.text.i2c_wait) refers to i2c.o(.bss.error) for [Anonymous Symbol]
    i2c.o(.ARM.exidx.text.i2c_wait) refers to i2c.o(.text.i2c_wait) for [Anonymous Symbol]
    i2c.o(.ARM.exidx.text.i2c_m_stop) refers to i2c.o(.text.i2c_m_stop) for [Anonymous Symbol]
    i2c.o(.ARM.exidx.text.i2c_disable) refers to i2c.o(.text.i2c_disable) for [Anonymous Symbol]
    i2c.o(.text.I2C_Write) refers to i2c.o(.text.i2c_enable) for i2c_enable
    i2c.o(.text.I2C_Write) refers to i2c.o(.text.i2c_tran) for i2c_tran
    i2c.o(.text.I2C_Write) refers to i2c.o(.text.i2c_m_start) for i2c_m_start
    i2c.o(.text.I2C_Write) refers to i2c.o(.text.i2c_send) for i2c_send
    i2c.o(.text.I2C_Write) refers to i2c.o(.text.i2c_wait) for i2c_wait
    i2c.o(.text.I2C_Write) refers to i2c.o(.text.i2c_m_stop) for i2c_m_stop
    i2c.o(.text.I2C_Write) refers to i2c.o(.text.i2c_disable) for i2c_disable
    i2c.o(.text.I2C_Write) refers to i2c.o(.bss.error) for [Anonymous Symbol]
    i2c.o(.ARM.exidx.text.I2C_Write) refers to i2c.o(.text.I2C_Write) for [Anonymous Symbol]
    i2c.o(.text.I2C_Read) refers to i2c.o(.text.i2c_enable) for i2c_enable
    i2c.o(.text.I2C_Read) refers to i2c.o(.text.i2c_tran) for i2c_tran
    i2c.o(.text.I2C_Read) refers to i2c.o(.text.i2c_m_start) for i2c_m_start
    i2c.o(.text.I2C_Read) refers to i2c.o(.text.i2c_send) for i2c_send
    i2c.o(.text.I2C_Read) refers to i2c.o(.text.i2c_wait) for i2c_wait
    i2c.o(.text.I2C_Read) refers to i2c.o(.text.i2c_rec) for i2c_rec
    i2c.o(.text.I2C_Read) refers to i2c.o(.text.i2c_nack) for i2c_nack
    i2c.o(.text.I2C_Read) refers to i2c.o(.text.i2c_recv) for i2c_recv
    i2c.o(.text.I2C_Read) refers to i2c.o(.text.i2c_m_stop) for i2c_m_stop
    i2c.o(.text.I2C_Read) refers to i2c.o(.text.i2c_disable) for i2c_disable
    i2c.o(.text.I2C_Read) refers to i2c.o(.bss.error) for [Anonymous Symbol]
    i2c.o(.text.I2C_Read) refers to i2c.o(.bss.dummy) for dummy
    i2c.o(.ARM.exidx.text.I2C_Read) refers to i2c.o(.text.I2C_Read) for [Anonymous Symbol]
    i2c.o(.ARM.exidx.text.i2c_rec) refers to i2c.o(.text.i2c_rec) for [Anonymous Symbol]
    i2c.o(.ARM.exidx.text.i2c_nack) refers to i2c.o(.text.i2c_nack) for [Anonymous Symbol]
    i2c.o(.ARM.exidx.text.i2c_recv) refers to i2c.o(.text.i2c_recv) for [Anonymous Symbol]
    i2c.o(.text.I2C_WriteReg) refers to i2c.o(.text.i2c_enable) for i2c_enable
    i2c.o(.text.I2C_WriteReg) refers to i2c.o(.text.i2c_tran) for i2c_tran
    i2c.o(.text.I2C_WriteReg) refers to i2c.o(.text.i2c_m_start) for i2c_m_start
    i2c.o(.text.I2C_WriteReg) refers to i2c.o(.text.i2c_send) for i2c_send
    i2c.o(.text.I2C_WriteReg) refers to i2c.o(.text.i2c_wait) for i2c_wait
    i2c.o(.text.I2C_WriteReg) refers to i2c.o(.text.i2c_m_stop) for i2c_m_stop
    i2c.o(.text.I2C_WriteReg) refers to i2c.o(.text.i2c_disable) for i2c_disable
    i2c.o(.text.I2C_WriteReg) refers to i2c.o(.bss.error) for [Anonymous Symbol]
    i2c.o(.ARM.exidx.text.I2C_WriteReg) refers to i2c.o(.text.I2C_WriteReg) for [Anonymous Symbol]
    i2c.o(.text.I2C_ReadReg) refers to i2c.o(.text.i2c_enable) for i2c_enable
    i2c.o(.text.I2C_ReadReg) refers to i2c.o(.text.i2c_clr_IICIF) for i2c_clr_IICIF
    i2c.o(.text.I2C_ReadReg) refers to i2c.o(.text.i2c_tran) for i2c_tran
    i2c.o(.text.I2C_ReadReg) refers to i2c.o(.text.i2c_m_start) for i2c_m_start
    i2c.o(.text.I2C_ReadReg) refers to i2c.o(.text.i2c_send) for i2c_send
    i2c.o(.text.I2C_ReadReg) refers to i2c.o(.text.i2c_wait) for i2c_wait
    i2c.o(.text.I2C_ReadReg) refers to i2c.o(.text.i2c_m_rstart) for i2c_m_rstart
[...]
    __rtentry2.o(.ARM.Collect$$rtentry$$0000000D) refers to main.o(.text.main) for main
    __rtentry2.o(.ARM.Collect$$rtentry$$0000000D) refers to exit.o(.text) for exit
    __rtentry2.o(.ARM.exidx) refers to __rtentry2.o(.ARM.Collect$$rtentry$$00000001) for .ARM.Collect$$rtentry$$00000001
    __rtentry2.o(.ARM.exidx) refers to __rtentry2.o(.ARM.Collect$$rtentry$$00000008) for .ARM.Collect$$rtentry$$00000008
    __rtentry2.o(.ARM.exidx) refers to __rtentry2.o(.ARM.Collect$$rtentry$$0000000A) for .ARM.Collect$$rtentry$$0000000A
    __rtentry2.o(.ARM.exidx) refers to __rtentry2.o(.ARM.Collect$$rtentry$$0000000B) for .ARM.Collect$$rtentry$$0000000B
    __rtentry2.o(.ARM.exidx) refers to __rtentry2.o(.ARM.Collect$$rtentry$$0000000D) for .ARM.Collect$$rtentry$$0000000D
    __rtentry4.o(.ARM.Collect$$rtentry$$00000004) refers to sys_stackheap_outer.o(.text) for __user_setup_stackheap
    __rtentry4.o(.ARM.exidx) refers to __rtentry4.o(.ARM.Collect$$rtentry$$00000004) for .ARM.Collect$$rtentry$$00000004
    rt_ctype_table.o(.text) refers to rt_locale_intlibspace.o(.text) for __rt_locale
    rt_ctype_table.o(.text) refers to lc_ctype_c.o(locale$$code) for _get_lc_ctype
    rt_div0.o(.text) refers to defsig_fpe_outer.o(.text) for __rt_SIGFPE
    sys_stackheap_outer.o(.text) refers to libspace.o(.text) for __user_perproc_libspace
    sys_stackheap_outer.o(.text) refers to startup_mkl05z4.o(.text) for __user_initial_stackheap
    sys_stackheap_outer.o(__vectab_stack_and_reset_area) refers to tempstk.o(.text) for __temporary_stack_top
    sys_stackheap_outer.o(__vectab_stack_and_reset_area) refers to __main.o(!!!main) for __main
    rt_locale.o(.text) refers to rt_locale.o(.bss) for __rt_locale_data
    rt_locale_intlibspace.o(.text) refers to libspace.o(.bss) for __libspace_start
    lc_ctype_c.o(locale$$data) refers (Special) to libinit2.o(.ARM.Collect$$libinit$$00000012) for __rt_lib_init_lc_ctype_2
    lc_ctype_c.o(locale$$code) refers (Special) to libinit2.o(.ARM.Collect$$libinit$$00000012) for __rt_lib_init_lc_ctype_2
    lc_ctype_c.o(locale$$code) refers to strcmpv6m.o(.text) for strcmp
    lc_ctype_c.o(locale$$code) refers to lc_ctype_c.o(locale$$data) for __lcctype_c_name
    exit.o(.text) refers to rtexit.o(.ARM.Collect$$rtexit$$00000000) for __rt_exit
    defsig_fpe_outer.o(.text) refers to defsig_fpe_inner.o(.text) for __rt_SIGFPE_inner
    defsig_fpe_outer.o(.text) refers to defsig_exit.o(.text) for __sig_exit
    defsig_fpe_formal.o(.text) refers to rt_raise.o(.text) for __rt_raise
    libinit.o(.ARM.Collect$$libinit$$00000000) refers (Special) to libinit2.o(.ARM.Collect$$libinit$$0000002E) for __rt_lib_init_alloca_1
    libinit.o(.ARM.Collect$$libinit$$00000000) refers (Special) to libinit2.o(.ARM.Collect$$libinit$$0000002C) for __rt_lib_init_argv_1
    libinit.o(.ARM.Collect$$libinit$$00000000) refers (Special) to libinit2.o(.ARM.Collect$$libinit$$0000001B) for __rt_lib_init_atexit_1
    libinit.o(.ARM.Collect$$libinit$$00000000) refers (Special) to libinit2.o(.ARM.Collect$$libinit$$00000021) for __rt_lib_init_clock_1
    libinit.o(.ARM.Collect$$libinit$$00000000) refers (Special) to libinit2.o(.ARM.Collect$$libinit$$00000032) for __rt_lib_init_cpp_1
    libinit.o(.ARM.Collect$$libinit$$00000000) refers (Special) to libinit2.o(.ARM.Collect$$libinit$$00000030) for __rt_lib_init_exceptions_1
    libinit.o(.ARM.Collect$$libinit$$00000000) refers (Special) to libinit2.o(.ARM.Collect$$libinit$$00000002) for __rt_lib_init_fp_1
    libinit.o(.ARM.Collect$$libinit$$00000000) refers (Special) to libinit2.o(.ARM.Collect$$libinit$$0000001F) for __rt_lib_init_fp_trap_1
    libinit.o(.ARM.Collect$$libinit$$00000000) refers (Special) to libinit2.o(.ARM.Collect$$libinit$$00000023) for __rt_lib_init_getenv_1
    libinit.o(.ARM.Collect$$libinit$$00000000) refers (Special) to libinit2.o(.ARM.Collect$$libinit$$0000000A) for __rt_lib_init_heap_1
    libinit.o(.ARM.Collect$$libinit$$00000000) refers (Special) to libinit2.o(.ARM.Collect$$libinit$$00000011) for __rt_lib_init_lc_collate_1
    libinit.o(.ARM.Collect$$libinit$$00000000) refers (Special) to libinit2.o(.ARM.Collect$$libinit$$00000013) for __rt_lib_init_lc_ctype_1
    libinit.o(.ARM.Collect$$libinit$$00000000) refers (Special) to libinit2.o(.ARM.Collect$$libinit$$00000015) for __rt_lib_init_lc_monetary_1
    libinit.o(.ARM.Collect$$libinit$$00000000) refers (Special) to libinit2.o(.ARM.Collect$$libinit$$00000017) for __rt_lib_init_lc_numeric_1
    libinit.o(.ARM.Collect$$libinit$$00000000) refers (Special) to libinit2.o(.ARM.Collect$$libinit$$00000019) for __rt_lib_init_lc_time_1
    libinit.o(.ARM.Collect$$libinit$$00000000) refers (Special) to libinit2.o(.ARM.Collect$$libinit$$00000004) for __rt_lib_init_preinit_1
    libinit.o(.ARM.Collect$$libinit$$00000000) refers (Special) to libinit2.o(.ARM.Collect$$libinit$$0000000E) for __rt_lib_init_rand_1
    libinit.o(.ARM.Collect$$libinit$$00000000) refers (Special) to libinit2.o(.ARM.Collect$$libinit$$00000033) for __rt_lib_init_return
    libinit.o(.ARM.Collect$$libinit$$00000000) refers (Special) to libinit2.o(.ARM.Collect$$libinit$$0000001D) for __rt_lib_init_signal_1
    libinit.o(.ARM.Collect$$libinit$$00000000) refers (Special) to libinit2.o(.ARM.Collect$$libinit$$00000025) for __rt_lib_init_stdio_1
    libinit.o(.ARM.Collect$$libinit$$00000000) refers (Special) to libinit2.o(.ARM.Collect$$libinit$$0000000C) for __rt_lib_init_user_alloc_1
    libspace.o(.text) refers to libspace.o(.bss) for __libspace_start
    rtexit.o(.ARM.Collect$$rtexit$$00000000) refers (Special) to rtexit2.o(.ARM.Collect$$rtexit$$00000004) for __rt_exit_exit
    rtexit.o(.ARM.Collect$$rtexit$$00000000) refers (Special) to rtexit2.o(.ARM.Collect$$rtexit$$00000003) for __rt_exit_ls
    rtexit.o(.ARM.Collect$$rtexit$$00000000) refers (Special) to rtexit2.o(.ARM.Collect$$rtexit$$00000002) for __rt_exit_prels_1
    rtexit.o(.ARM.exidx) refers (Special) to rtexit2.o(.ARM.Collect$$rtexit$$00000004) for __rt_exit_exit
    rtexit.o(.ARM.exidx) refers (Special) to rtexit2.o(.ARM.Collect$$rtexit$$00000003) for __rt_exit_ls
    rtexit.o(.ARM.exidx) refers (Special) to rtexit2.o(.ARM.Collect$$rtexit$$00000002) for __rt_exit_prels_1
    rtexit.o(.ARM.exidx) refers to rtexit.o(.ARM.Collect$$rtexit$$00000000) for .ARM.Collect$$rtexit$$00000000
    rt_raise.o(.text) refers to __raise.o(.text) for __raise
    rt_raise.o(.text) refers to sys_exit.o(.text) for _sys_exit
    defsig_exit.o(.text) refers to sys_exit.o(.text) for _sys_exit
    defsig_fpe_inner.o(.text) refers to defsig_general.o(.text) for __default_signal_display
    libinit2.o(.ARM.Collect$$libinit$$0000000F) refers (Weak) to rt_locale_intlibspace.o(.text) for __rt_locale
    libinit2.o(.ARM.Collect$$libinit$$00000010) refers to libinit2.o(.ARM.Collect$$libinit$$0000000F) for .ARM.Collect$$libinit$$0000000F
    libinit2.o(.ARM.Collect$$libinit$$00000012) refers to libinit2.o(.ARM.Collect$$libinit$$0000000F) for .ARM.Collect$$libinit$$0000000F
    libinit2.o(.ARM.Collect$$libinit$$00000012) refers (Weak) to lc_ctype_c.o(locale$$code) for _get_lc_ctype
    libinit2.o(.ARM.Collect$$libinit$$00000014) refers to libinit2.o(.ARM.Collect$$libinit$$0000000F) for .ARM.Collect$$libinit$$0000000F
    libinit2.o(.ARM.Collect$$libinit$$00000016) refers to libinit2.o(.ARM.Collect$$libinit$$0000000F) for .ARM.Collect$$libinit$$0000000F
    libinit2.o(.ARM.Collect$$libinit$$00000018) refers to libinit2.o(.ARM.Collect$$libinit$$0000000F) for .ARM.Collect$$libinit$$0000000F
    libinit2.o(.ARM.Collect$$libinit$$00000026) refers to argv_veneer.o(.text) for __ARM_argv_veneer
    libinit2.o(.ARM.Collect$$libinit$$00000027) refers to argv_veneer.o(.text) for __ARM_argv_veneer
    sys_exit.o(.text) refers (Special) to use_no_semi.o(.text) for __I$use$semihosting
    sys_exit.o(.text) refers (Special) to indicate_semi.o(.text) for __semihosting_library_function
    sys_exit_hlt.o(.text) refers (Special) to use_no_semi.o(.text) for __I$use$semihosting
    sys_exit_hlt.o(.text) refers (Special) to indicate_semi.o(.text) for __semihosting_library_function
    rtexit2.o(.ARM.Collect$$rtexit$$00000003) refers to libshutdown.o(.ARM.Collect$$libshutdown$$00000000) for __rt_lib_shutdown
    rtexit2.o(.ARM.Collect$$rtexit$$00000004) refers to sys_exit.o(.text) for _sys_exit
    rtexit2.o(.ARM.exidx) refers to rtexit2.o(.ARM.Collect$$rtexit$$00000001) for .ARM.Collect$$rtexit$$00000001
    rtexit2.o(.ARM.exidx) refers to rtexit2.o(.ARM.Collect$$rtexit$$00000003) for .ARM.Collect$$rtexit$$00000003
    rtexit2.o(.ARM.exidx) refers to rtexit2.o(.ARM.Collect$$rtexit$$00000004) for .ARM.Collect$$rtexit$$00000004
    __raise.o(.text) refers to defsig.o(CL$$defsig) for __default_signal_handler
    defsig_general.o(.text) refers to sys_wrch.o(.text) for _ttywrch
    sys_wrch.o(.text) refers (Special) to use_no_semi.o(.text) for __I$use$semihosting
    sys_wrch.o(.text) refers (Special) to indicate_semi.o(.text) for __semihosting_library_function
    sys_wrch_hlt.o(.text) refers (Special) to use_no_semi.o(.text) for __I$use$semihosting
    sys_wrch_hlt.o(.text) refers (Special) to indicate_semi.o(.text) for __semihosting_library_function
    defsig.o(CL$$defsig) refers to defsig_fpe_inner.o(.text) for __rt_SIGFPE_inner
    defsig.o(CL$$defsig) refers to defsig_rtmem_inner.o(.text) for __rt_SIGRTMEM_inner
    _get_argv_nomalloc.o(.text) refers (Special) to hrguard.o(.text) for __heap_region$guard
    _get_argv_nomalloc.o(.text) refers to defsig_rtmem_outer.o(.text) for __rt_SIGRTMEM
    _get_argv_nomalloc.o(.text) refers to sys_command.o(.text) for _sys_command_string
    libshutdown.o(.ARM.Collect$$libshutdown$$00000000) refers (Special) to libshutdown2.o(.ARM.Collect$$libshutdown$$00000002) for __rt_lib_shutdown_cpp_1
    libshutdown.o(.ARM.Collect$$libshutdown$$00000000) refers (Special) to libshutdown2.o(.ARM.Collect$$libshutdown$$00000007) for __rt_lib_shutdown_fp_trap_1
    libshutdown.o(.ARM.Collect$$libshutdown$$00000000) refers (Special) to libshutdown2.o(.ARM.Collect$$libshutdown$$0000000F) for __rt_lib_shutdown_heap_1
    libshutdown.o(.ARM.Collect$$libshutdown$$00000000) refers (Special) to libshutdown2.o(.ARM.Collect$$libshutdown$$00000010) for __rt_lib_shutdown_return
    libshutdown.o(.ARM.Collect$$libshutdown$$00000000) refers (Special) to libshutdown2.o(.ARM.Collect$$libshutdown$$0000000A) for __rt_lib_shutdown_signal_1
    libshutdown.o(.ARM.Collect$$libshutdown$$00000000) refers (Special) to libshutdown2.o(.ARM.Collect$$libshutdown$$00000004) for __rt_lib_shutdown_stdio_1
    libshutdown.o(.ARM.Collect$$libshutdown$$00000000) refers (Special) to libshutdown2.o(.ARM.Collect$$libshutdown$$0000000C) for __rt_lib_shutdown_user_alloc_1
    sys_command.o(.text) refers (Special) to use_no_semi.o(.text) for __I$use$semihosting
    sys_command.o(.text) refers (Special) to indicate_semi.o(.text) for __semihosting_library_function
    sys_command_hlt.o(.text) refers (Special) to use_no_semi.o(.text) for __I$use$semihosting
    sys_command_hlt.o(.text) refers (Special) to indicate_semi.o(.text) for __semihosting_library_function
    defsig_abrt_inner.o(.text) refers to defsig_general.o(.text) for __default_signal_display
    defsig_rtred_inner.o(.text) refers to defsig_general.o(.text) for __default_signal_display
    defsig_rtmem_inner.o(.text) refers to defsig_general.o(.text) for __default_signal_display
    defsig_rtmem_outer.o(.text) refers to defsig_rtmem_inner.o(.text) for __rt_SIGRTMEM_inner
    defsig_rtmem_outer.o(.text) refers to defsig_exit.o(.text) for __sig_exit
    defsig_rtmem_formal.o(.text) refers to rt_raise.o(.text) for __rt_raise
    defsig_stak_inner.o(.text) refers to defsig_general.o(.text) for __default_signal_display
    defsig_pvfn_inner.o(.text) refers to defsig_general.o(.text) for __default_signal_display
    defsig_cppl_inner.o(.text) refers to defsig_general.o(.text) for __default_signal_display
    defsig_segv_inner.o(.text) refers to defsig_general.o(.text) for __default_signal_display
    defsig_other.o(.text) refers to defsig_general.o(.text) for __default_signal_display


==============================================================================

Removing Unused input sections from the image.

    Removing i2c.o(.text), (0 bytes).
    Removing i2c.o(.ARM.exidx.text.I2C_Init), (8 bytes).
    Removing i2c.o(.text.I2C_Ping), (52 bytes).
    Removing i2c.o(.ARM.exidx.text.I2C_Ping), (8 bytes).
    Removing i2c.o(.ARM.exidx.text.i2c_enable), (8 bytes).
    Removing i2c.o(.ARM.exidx.text.i2c_tran), (8 bytes).
    Removing i2c.o(.ARM.exidx.text.i2c_m_start), (8 bytes).
    Removing i2c.o(.ARM.exidx.text.i2c_send), (8 bytes).
    Removing i2c.o(.ARM.exidx.text.i2c_wait), (8 bytes).
    Removing i2c.o(.ARM.exidx.text.i2c_m_stop), (8 bytes).
    Removing i2c.o(.ARM.exidx.text.i2c_disable), (8 bytes).
    Removing i2c.o(.ARM.exidx.text.I2C_Write), (8 bytes).
    Removing i2c.o(.ARM.exidx.text.I2C_Read), (8 bytes).
    Removing i2c.o(.ARM.exidx.text.i2c_rec), (8 bytes).
    Removing i2c.o(.ARM.exidx.text.i2c_nack), (8 bytes).
    Removing i2c.o(.ARM.exidx.text.i2c_recv), (8 bytes).
    Removing i2c.o(.text.I2C_WriteReg), (80 bytes).
    Removing i2c.o(.ARM.exidx.text.I2C_WriteReg), (8 bytes).
    Removing i2c.o(.text.I2C_ReadReg), (120 bytes).
    Removing i2c.o(.ARM.exidx.text.I2C_ReadReg), (8 bytes).
    Removing i2c.o(.ARM.exidx.text.i2c_clr_IICIF), (8 bytes).
    Removing i2c.o(.text.i2c_m_rstart), (24 bytes).
    Removing i2c.o(.ARM.exidx.text.i2c_m_rstart), (8 bytes).
    Removing i2c.o(.text.I2C_ReadRegBlock), (176 bytes).
    Removing i2c.o(.ARM.exidx.text.I2C_ReadRegBlock), (8 bytes).
    Removing i2c.o(.text.i2c_ack), (16 bytes).
    Removing i2c.o(.ARM.exidx.text.i2c_ack), (8 bytes).
    Removing lcd1602.o(.text), (0 bytes).
    Removing lcd1602.o(.ARM.exidx.text.LCD1602_Init), (8 bytes).
    Removing lcd1602.o(.ARM.exidx.text.LCD1602_CheckAddress), (8 bytes).
    Removing lcd1602.o(.ARM.exidx.text.LCD1602_Write8), (8 bytes).
    Removing lcd1602.o(.text.LCD1602_Blink_On), (12 bytes).
    Removing lcd1602.o(.ARM.exidx.text.LCD1602_Blink_On), (8 bytes).
    Removing lcd1602.o(.text.LCD1602_Blink_Off), (12 bytes).
    Removing lcd1602.o(.ARM.exidx.text.LCD1602_Blink_Off), (8 bytes).
    Removing lcd1602.o(.text.LCD1602_Blink_Off_Cursor_On), (12 bytes).
    Removing lcd1602.o(.ARM.exidx.text.LCD1602_Blink_Off_Cursor_On), (8 bytes).
    Removing lcd1602.o(.ARM.exidx.text.LCD1602_SetCursor), (8 bytes).
    Removing lcd1602.o(.ARM.exidx.text.LCD1602_ClearAll), (8 bytes).
    Removing lcd1602.o(.ARM.exidx.text.LCD1602_Print), (8 bytes).
    Removing lcd1602.o(.text.LCD1602_PrintNum), (44 bytes).
    Removing lcd1602.o(.ARM.exidx.text.LCD1602_PrintNum), (8 bytes).
    Removing lcd1602.o(.text.itoa), (118 bytes).
    Removing lcd1602.o(.ARM.exidx.text.itoa), (8 bytes).
    Removing lcd1602.o(.text.LCD1602_Backlight), (20 bytes).
    Removing lcd1602.o(.ARM.exidx.text.LCD1602_Backlight), (8 bytes).
    Removing lcd1602.o(.ARM.exidx.text.PCF8574_Write), (8 bytes).
    Removing lcd1602.o(.ARM.exidx.text.LCD1602_Write4), (8 bytes).
    Removing lcd1602.o(.ARM.exidx.text.LCD1602_BF_AC), (8 bytes).
    Removing lcd1602.o(.text.LCD1602_PL_CH), (196 bytes).
    Removing lcd1602.o(.ARM.exidx.text.LCD1602_PL_CH), (8 bytes).
    Removing lcd1602.o(.text.LCD1602_PrintPL), (136 bytes).
    Removing lcd1602.o(.ARM.exidx.text.LCD1602_PrintPL), (8 bytes).
    Removing lcd1602.o(.data.PL_CH_a_), (8 bytes).
    Removing lcd1602.o(.data.PL_CH_c_), (8 bytes).
    Removing lcd1602.o(.data.PL_CH_e_), (8 bytes).
    Removing lcd1602.o(.data.PL_CH_l_), (8 bytes).
    Removing lcd1602.o(.data.PL_CH_n_), (8 bytes).
    Removing lcd1602.o(.data.PL_CH_o_), (8 bytes).
    Removing lcd1602.o(.data.PL_CH_s_), (8 bytes).
    Removing lcd1602.o(.data.PL_CH_z_), (8 bytes).
    Removing lcd1602.o(.data.PL_CH_z__), (8 bytes).
    Removing main.o(.text), (0 bytes).
    Removing main.o(.ARM.exidx.text.make_a_dice_roll), (8 bytes).
    Removing main.o(.ARM.exidx.text.show_dice_lcd), (8 bytes).
    Removing main.o(.ARM.exidx.text.update_kept_lcd), (8 bytes).
    Removing main.o(.ARM.exidx.text.main), (8 bytes).
    Removing main.o(.ARM.use_no_argv), (4 bytes).
    Removing klaw2.o(.text), (0 bytes).
    Removing klaw2.o(.ARM.exidx.text.k_init), (8 bytes).
    Removing klaw2.o(.text.delay_ms), (2 bytes).
    Removing klaw2.o(.ARM.exidx.text.delay_ms), (8 bytes).
    Removing klaw2.o(.ARM.exidx.text.k_read), (8 bytes).
    Removing adc.o(.text), (0 bytes).
    Removing adc.o(.ARM.exidx.text.ADC_Init), (8 bytes).
    Removing adc.o(.ARM.exidx.text.__NVIC_ClearPendingIRQ), (8 bytes).
    Removing adc.o(.ARM.exidx.text.__NVIC_EnableIRQ), (8 bytes).
    Removing system_mkl05z4.o(.text), (0 bytes).
    Removing system_mkl05z4.o(.ARM.exidx.text.SystemInit), (8 bytes).
    Removing system_mkl05z4.o(.text.SystemCoreClockUpdate), (184 bytes).
    Removing system_mkl05z4.o(.ARM.exidx.text.SystemCoreClockUpdate), (8 bytes).
    Removing system_mkl05z4.o(.data.SystemCoreClock), (4 bytes).

82 unused section(s) (total 1676 bytes) removed from the image.

==============================================================================

Image Symbol Table

    Local Symbols

    Symbol Name                              Value     Ov Type        Size  Object(Section)

    ../clib/angel/boardlib.s                 0x00000000   Number         0  boardinit1.o ABSOLUTE
    ../clib/angel/boardlib.s                 0x00000000   Number         0  boardinit2.o ABSOLUTE
    ../clib/angel/boardlib.s                 0x00000000   Number         0  boardinit3.o ABSOLUTE
    ../clib/angel/boardlib.s                 0x00000000   Number         0  boardshut.o ABSOLUTE
    ../clib/angel/handlers.s                 0x00000000   Number         0  __scatter_copy.o ABSOLUTE
    ../clib/angel/handlers.s                 0x00000000   Number         0  __scatter_zi.o ABSOLUTE
    ../clib/angel/kernel.s                   0x00000000   Number         0  __rtentry.o ABSOLUTE
    ../clib/angel/kernel.s                   0x00000000   Number         0  __rtentry2.o ABSOLUTE
    ../clib/angel/kernel.s                   0x00000000   Number         0  __rtentry4.o ABSOLUTE
    ../clib/angel/kernel.s                   0x00000000   Number         0  rtexit.o ABSOLUTE
    ../clib/angel/kernel.s                   0x00000000   Number         0  rtexit2.o ABSOLUTE
    ../clib/angel/rt.s                       0x00000000   Number         0  aeabi_idiv0.o ABSOLUTE
    ../clib/angel/rt.s                       0x00000000   Number         0  aeabi_idiv0_sigfpe.o ABSOLUTE
    ../clib/angel/rt.s                       0x00000000   Number         0  rt_ctype_table.o ABSOLUTE
    ../clib/angel/rt.s                       0x00000000   Number         0  rt_div0.o ABSOLUTE
    ../clib/angel/rt.s                       0x00000000   Number         0  rt_locale.o ABSOLUTE
    ../clib/angel/rt.s                       0x00000000   Number         0  rt_locale_intlibspace.o ABSOLUTE
    ../clib/angel/rt.s                       0x00000000   Number         0  rt_raise.o ABSOLUTE
    ../clib/angel/scatterp.s                 0x00000000   Number         0  __scatter.o ABSOLUTE
    ../clib/angel/startup.s                  0x00000000   Number         0  __main.o ABSOLUTE
    ../clib/angel/sys.s                      0x00000000   Number         0  sys_stackheap_outer.o ABSOLUTE
    ../clib/angel/sys.s                      0x00000000   Number         0  libspace.o ABSOLUTE
    ../clib/angel/sys.s                      0x00000000   Number         0  tempstk.o ABSOLUTE
    ../clib/angel/sys.s                      0x00000000   Number         0  use_no_semi.o ABSOLUTE
    ../clib/angel/sys.s                      0x00000000   Number         0  indicate_semi.o ABSOLUTE
    ../clib/angel/sysapp.c                   0x00000000   Number         0  sys_exit.o ABSOLUTE
    ../clib/angel/sysapp.c                   0x00000000   Number         0  sys_exit_hlt.o ABSOLUTE
    ../clib/angel/sysapp.c                   0x00000000   Number         0  sys_wrch.o ABSOLUTE
    ../clib/angel/sysapp.c                   0x00000000   Number         0  sys_wrch_hlt.o ABSOLUTE
    ../clib/angel/sysapp.c                   0x00000000   Number         0  sys_command.o ABSOLUTE
    ../clib/angel/sysapp.c                   0x00000000   Number         0  sys_command_hlt.o ABSOLUTE
    ../clib/armsys.c                         0x00000000   Number         0  argv_veneer.o ABSOLUTE
    ../clib/armsys.c                         0x00000000   Number         0  _get_argv_nomalloc.o ABSOLUTE
    ../clib/armsys.c                         0x00000000   Number         0  no_argv.o ABSOLUTE
    ../clib/division.c                       0x00000000   Number         0  rtudiv10.o ABSOLUTE
    ../clib/division.s                       0x00000000   Number         0  aeabi_sdivfast.o ABSOLUTE
    ../clib/division.s                       0x00000000   Number         0  aeabi_sdivfast_div0.o ABSOLUTE
    ../clib/heapalloc.c                      0x00000000   Number         0  hrguard.o ABSOLUTE
    ../clib/heapaux.c                        0x00000000   Number         0  heapauxi.o ABSOLUTE
    ../clib/libinit.s                        0x00000000   Number         0  libinit.o ABSOLUTE
    ../clib/libinit.s                        0x00000000   Number         0  libinit2.o ABSOLUTE
    ../clib/libinit.s                        0x00000000   Number         0  libshutdown.o ABSOLUTE
    ../clib/libinit.s                        0x00000000   Number         0  libshutdown2.o ABSOLUTE
    ../clib/locale.c                         0x00000000   Number         0  _c16rtomb.o ABSOLUTE
    ../clib/locale.s                         0x00000000   Number         0  lc_ctype_c.o ABSOLUTE
    ../clib/memcpset.s                       0x00000000   Number         0  strcmpv6m.o ABSOLUTE
    ../clib/misc.s                           0x00000000   Number         0  printf_stubs.o ABSOLUTE
    ../clib/printf.c                         0x00000000   Number         0  __2sprintf.o ABSOLUTE
    ../clib/printf.c                         0x00000000   Number         0  noretval__2sprintf.o ABSOLUTE
    ../clib/printf.c                         0x00000000   Number         0  __printf.o ABSOLUTE
    ../clib/printf.c                         0x00000000   Number         0  _printf_pad.o ABSOLUTE
    ../clib/printf.c                         0x00000000   Number         0  _printf_truncate.o ABSOLUTE
    ../clib/printf.c                         0x00000000   Number         0  _printf_str.o ABSOLUTE
    ../clib/printf.c                         0x00000000   Number         0  _printf_dec.o ABSOLUTE
    ../clib/printf.c                         0x00000000   Number         0  _printf_wctomb.o ABSOLUTE
    ../clib/printf.c                         0x00000000   Number         0  _printf_oct_ll.o ABSOLUTE
    ../clib/printf.c                         0x00000000   Number         0  _printf_oct_int.o ABSOLUTE
    ../clib/printf.c                         0x00000000   Number         0  _printf_oct_int_ll.o ABSOLUTE
    ../clib/printf.c                         0x00000000   Number         0  _printf_hex_ll.o ABSOLUTE
    ../clib/printf.c                         0x00000000   Number         0  _printf_hex_int.o ABSOLUTE
    ../clib/printf.c                         0x00000000   Number         0  _printf_hex_int_ll.o ABSOLUTE
    ../clib/printf.c                         0x00000000   Number         0  _printf_hex_ptr.o ABSOLUTE
    ../clib/printf.c                         0x00000000   Number         0  _printf_hex_int_ptr.o ABSOLUTE
    ../clib/printf.c                         0x00000000   Number         0  _printf_hex_ll_ptr.o ABSOLUTE
    ../clib/printf.c                         0x00000000   Number         0  _printf_hex_int_ll_ptr.o ABSOLUTE
    ../clib/printf.c                         0x00000000   Number         0  __printf_flags.o ABSOLUTE
    ../clib/printf.c                         0x00000000   Number         0  __printf_ss.o ABSOLUTE
    ../clib/printf.c                         0x00000000   Number         0  __printf_flags_ss.o ABSOLUTE
    ../clib/printf.c                         0x00000000   Number         0  __printf_wp.o ABSOLUTE
    ../clib/printf.c                         0x00000000   Number         0  __printf_flags_wp.o ABSOLUTE
    ../clib/printf.c                         0x00000000   Number         0  __printf_ss_wp.o ABSOLUTE
    ../clib/printf.c                         0x00000000   Number         0  __printf_flags_ss_wp.o ABSOLUTE
    ../clib/printf.c                         0x00000000   Number         0  _printf_intcommon.o ABSOLUTE
    ../clib/printf.c                         0x00000000   Number         0  _printf_char_common.o ABSOLUTE
    ../clib/printf.c                         0x00000000   Number         0  _sputc.o ABSOLUTE
    ../clib/printf.c                         0x00000000   Number         0  _printf_char.o ABSOLUTE
    ../clib/printf.c                         0x00000000   Number         0  _printf_wchar.o ABSOLUTE
    ../clib/printf.c                         0x00000000   Number         0  __printf_nopercent.o ABSOLUTE
    ../clib/printf_percent.s                 0x00000000   Number         0  _printf_c.o ABSOLUTE
    ../clib/printf_percent.s                 0x00000000   Number         0  _printf_x.o ABSOLUTE
    ../clib/printf_percent.s                 0x00000000   Number         0  _printf_o.o ABSOLUTE
    ../clib/printf_percent.s                 0x00000000   Number         0  _printf_i.o ABSOLUTE
    ../clib/printf_percent.s                 0x00000000   Number         0  _printf_d.o ABSOLUTE
    ../clib/printf_percent.s                 0x00000000   Number         0  _printf_u.o ABSOLUTE
    ../clib/printf_percent.s                 0x00000000   Number         0  _printf_percent.o ABSOLUTE
    ../clib/printf_percent.s                 0x00000000   Number         0  _printf_lc.o ABSOLUTE
    ../clib/printf_percent.s                 0x00000000   Number         0  _printf_percent_end.o ABSOLUTE
    ../clib/printf_percent.s                 0x00000000   Number         0  _printf_l.o ABSOLUTE
    ../clib/signal.c                         0x00000000   Number         0  defsig_fpe_outer.o ABSOLUTE
    ../clib/signal.c                         0x00000000   Number         0  defsig_fpe_formal.o ABSOLUTE
    ../clib/signal.c                         0x00000000   Number         0  defsig_exit.o ABSOLUTE
    ../clib/signal.c                         0x00000000   Number         0  defsig_fpe_inner.o ABSOLUTE
    ../clib/signal.c                         0x00000000   Number         0  __raise.o ABSOLUTE
    ../clib/signal.c                         0x00000000   Number         0  defsig_general.o ABSOLUTE
    ../clib/signal.c                         0x00000000   Number         0  defsig_abrt_inner.o ABSOLUTE
    ../clib/signal.c                         0x00000000   Number         0  defsig_rtred_inner.o ABSOLUTE
    ../clib/signal.c                         0x00000000   Number         0  defsig_rtmem_inner.o ABSOLUTE
    ../clib/signal.c                         0x00000000   Number         0  defsig_rtmem_outer.o ABSOLUTE
    ../clib/signal.c                         0x00000000   Number         0  defsig_rtmem_formal.o ABSOLUTE
    ../clib/signal.c                         0x00000000   Number         0  defsig_stak_inner.o ABSOLUTE
    ../clib/signal.c                         0x00000000   Number         0  defsig_pvfn_inner.o ABSOLUTE
    ../clib/signal.c                         0x00000000   Number         0  defsig_cppl_inner.o ABSOLUTE
    ../clib/signal.c                         0x00000000   Number         0  defsig_segv_inner.o ABSOLUTE
    ../clib/signal.c                         0x00000000   Number         0  defsig_other.o ABSOLUTE
    ../clib/signal.s                         0x00000000   Number         0  defsig.o ABSOLUTE
    ../clib/stdlib.c                         0x00000000   Number         0  exit.o ABSOLUTE
    ../fplib/cfplib/fpinit.c                 0x00000000   Number         0  fpinit.o ABSOLUTE
    ADC.c                                    0x00000000   Number         0  adc.o ABSOLUTE
    RTE/Device/MKL05Z32xxx4/startup_MKL05Z4.s 0x00000000   Number         0  startup_mkl05z4.o ABSOLUTE
    dc.s                                     0x00000000   Number         0  dc.o ABSOLUTE
    i2c.c                                    0x00000000   Number         0  i2c.o ABSOLUTE
    klaw2.c                                  0x00000000   Number         0  klaw2.o ABSOLUTE
    lcd1602.c                                0x00000000   Number         0  lcd1602.o ABSOLUTE
    main.c                                   0x00000000   Number         0  main.o ABSOLUTE
    system_MKL05Z4.c                         0x00000000   Number         0  system_mkl05z4.o ABSOLUTE
    RESET                                    0x00000000   Section      192  startup_mkl05z4.o(RESET)
    !!!main                                  0x000000c0   Section        8  __main.o(!!!main)
    !!!scatter                               0x000000c8   Section       60  __scatter.o(!!!scatter)
    !!handler_copy                           0x00000104   Section       26  __scatter_copy.o(!!handler_copy)
    !!handler_zi                             0x00000120   Section       28  __scatter_zi.o(!!handler_zi)
    .ARM.Collect$$_printf_percent$$00000000  0x0000013c   Section        2  _printf_percent.o(.ARM.Collect$$_printf_percent$$00000000)
    .ARM.Collect$$_printf_percent$$00000008  0x0000013e   Section       10  _printf_i.o(.ARM.Collect$$_printf_percent$$00000008)
    .ARM.Collect$$_printf_percent$$00000009  0x00000148   Section       10  _printf_d.o(.ARM.Collect$$_printf_percent$$00000009)
    .ARM.Collect$$_printf_percent$$0000000A  0x00000152   Section       10  _printf_u.o(.ARM.Collect$$_printf_percent$$0000000A)
    .ARM.Collect$$_printf_percent$$0000000B  0x0000015c   Section       10  _printf_o.o(.ARM.Collect$$_printf_percent$$0000000B)
    .ARM.Collect$$_printf_percent$$0000000C  0x00000166   Section       10  _printf_x.o(.ARM.Collect$$_printf_percent$$0000000C)
    .ARM.Collect$$_printf_percent$$00000012  0x00000170   Section       10  _printf_l.o(.ARM.Collect$$_printf_percent$$00000012)
    .ARM.Collect$$_printf_percent$$00000013  0x0000017a   Section       10  _printf_c.o(.ARM.Collect$$_printf_percent$$00000013)
    .ARM.Collect$$_printf_percent$$00000015  0x00000184   Section       10  _printf_lc.o(.ARM.Collect$$_printf_percent$$00000015)
    .ARM.Collect$$_printf_percent$$00000017  0x0000018e   Section        4  _printf_percent_end.o(.ARM.Collect$$_printf_percent$$00000017)
    .ARM.Collect$$libinit$$00000000          0x00000192   Section        2  libinit.o(.ARM.Collect$$libinit$$00000000)
    .ARM.Collect$$libinit$$00000002          0x00000194   Section        0  libinit2.o(.ARM.Collect$$libinit$$00000002)
    .ARM.Collect$$libinit$$00000004          0x00000194   Section        0  libinit2.o(.ARM.Collect$$libinit$$00000004)
    .ARM.Collect$$libinit$$0000000A          0x00000194   Section        0  libinit2.o(.ARM.Collect$$libinit$$0000000A)
    .ARM.Collect$$libinit$$0000000C          0x00000194   Section        0  libinit2.o(.ARM.Collect$$libinit$$0000000C)
    .ARM.Collect$$libinit$$0000000E          0x00000194   Section        0  libinit2.o(.ARM.Collect$$libinit$$0000000E)
    .ARM.Collect$$libinit$$0000000F          0x00000194   Section        6  libinit2.o(.ARM.Collect$$libinit$$0000000F)
    .ARM.Collect$$libinit$$00000011          0x0000019a   Section        0  libinit2.o(.ARM.Collect$$libinit$$00000011)
    .ARM.Collect$$libinit$$00000012          0x0000019a   Section       12  libinit2.o(.ARM.Collect$$libinit$$00000012)
    .ARM.Collect$$libinit$$00000013          0x000001a6   Section        0  libinit2.o(.ARM.Collect$$libinit$$00000013)
    .ARM.Collect$$libinit$$00000015          0x000001a6   Section        0  libinit2.o(.ARM.Collect$$libinit$$00000015)
    .ARM.Collect$$libinit$$00000017          0x000001a6   Section        0  libinit2.o(.ARM.Collect$$libinit$$00000017)
    .ARM.Collect$$libinit$$00000019          0x000001a6   Section        0  libinit2.o(.ARM.Collect$$libinit$$00000019)
    .ARM.Collect$$libinit$$0000001B          0x000001a6   Section        0  libinit2.o(.ARM.Collect$$libinit$$0000001B)
    .ARM.Collect$$libinit$$0000001D          0x000001a6   Section        0  libinit2.o(.ARM.Collect$$libinit$$0000001D)
    .ARM.Collect$$libinit$$0000001F          0x000001a6   Section        0  libinit2.o(.ARM.Collect$$libinit$$0000001F)
    .ARM.Collect$$libinit$$00000021          0x000001a6   Section        0  libinit2.o(.ARM.Collect$$libinit$$00000021)
    .ARM.Collect$$libinit$$00000023          0x000001a6   Section        0  libinit2.o(.ARM.Collect$$libinit$$00000023)
    .ARM.Collect$$libinit$$00000025          0x000001a6   Section        0  libinit2.o(.ARM.Collect$$libinit$$00000025)
    .ARM.Collect$$libinit$$0000002C          0x000001a6   Section        0  libinit2.o(.ARM.Collect$$libinit$$0000002C)
    .ARM.Collect$$libinit$$0000002E          0x000001a6   Section        0  libinit2.o(.ARM.Collect$$libinit$$0000002E)
    .ARM.Collect$$libinit$$00000030          0x000001a6   Section        0  libinit2.o(.ARM.Collect$$libinit$$00000030)
    .ARM.Collect$$libinit$$00000032          0x000001a6   Section        0  libinit2.o(.ARM.Collect$$libinit$$00000032)
    .ARM.Collect$$libinit$$00000033          0x000001a6   Section        2  libinit2.o(.ARM.Collect$$libinit$$00000033)
    .ARM.Collect$$libshutdown$$00000000      0x000001a8   Section        2  libshutdown.o(.ARM.Collect$$libshutdown$$00000000)
    .ARM.Collect$$libshutdown$$00000002      0x000001aa   Section        0  libshutdown2.o(.ARM.Collect$$libshutdown$$00000002)
    .ARM.Collect$$libshutdown$$00000004      0x000001aa   Section        0  libshutdown2.o(.ARM.Collect$$libshutdown$$00000004)
    .ARM.Collect$$libshutdown$$00000007      0x000001aa   Section        0  libshutdown2.o(.ARM.Collect$$libshutdown$$00000007)
    .ARM.Collect$$libshutdown$$0000000A      0x000001aa   Section        0  libshutdown2.o(.ARM.Collect$$libshutdown$$0000000A)
    .ARM.Collect$$libshutdown$$0000000C      0x000001aa   Section        0  libshutdown2.o(.ARM.Collect$$libshutdown$$0000000C)
    .ARM.Collect$$libshutdown$$0000000F      0x000001aa   Section        0  libshutdown2.o(.ARM.Collect$$libshutdown$$0000000F)
    .ARM.Collect$$libshutdown$$00000010      0x000001aa   Section        2  libshutdown2.o(.ARM.Collect$$libshutdown$$00000010)
    .ARM.Collect$$rtentry$$00000000          0x000001ac   Section        0  __rtentry.o(.ARM.Collect$$rtentry$$00000000)
    .ARM.Collect$$rtentry$$00000002          0x000001ac   Section        0  __rtentry2.o(.ARM.Collect$$rtentry$$00000002)
    .ARM.Collect$$rtentry$$00000004          0x000001ac   Section        6  __rtentry4.o(.ARM.Collect$$rtentry$$00000004)
    .ARM.Collect$$rtentry$$00000009          0x000001b2   Section        0  __rtentry2.o(.ARM.Collect$$rtentry$$00000009)
    .ARM.Collect$$rtentry$$0000000A          0x000001b2   Section        4  __rtentry2.o(.ARM.Collect$$rtentry$$0000000A)
    .ARM.Collect$$rtentry$$0000000C          0x000001b6   Section        0  __rtentry2.o(.ARM.Collect$$rtentry$$0000000C)
    .ARM.Collect$$rtentry$$0000000D          0x000001b6   Section        8  __rtentry2.o(.ARM.Collect$$rtentry$$0000000D)
    .ARM.Collect$$rtexit$$00000000           0x000001be   Section        2  rtexit.o(.ARM.Collect$$rtexit$$00000000)
    .ARM.Collect$$rtexit$$00000002           0x000001c0   Section        0  rtexit2.o(.ARM.Collect$$rtexit$$00000002)
    .ARM.Collect$$rtexit$$00000003           0x000001c0   Section        4  rtexit2.o(.ARM.Collect$$rtexit$$00000003)
    .ARM.Collect$$rtexit$$00000004           0x000001c4   Section        6  rtexit2.o(.ARM.Collect$$rtexit$$00000004)
    .text                                    0x000001cc   Section       52  startup_mkl05z4.o(.text)
    .text                                    0x00000200   Section        0  __2sprintf.o(.text)
    .text                                    0x0000022c   Section        0  _printf_pad.o(.text)
    .text                                    0x0000027a   Section        0  _printf_truncate.o(.text)
    .text                                    0x0000029e   Section        0  _printf_str.o(.text)
    .text                                    0x000002f0   Section        0  _printf_dec.o(.text)
    .text                                    0x0000035c   Section        0  _printf_oct_int.o(.text)
    .text                                    0x000003ac   Section        0  heapauxi.o(.text)
    _printf_input_char                       0x000003b5   Thumb Code    10  _printf_char_common.o(.text)
    .text                                    0x000003b4   Section        0  _printf_char_common.o(.text)
    .text                                    0x000003e4   Section        0  _sputc.o(.text)
    .text                                    0x000003f0   Section       16  rt_ctype_table.o(.text)
    .ARM.__at_0x400                          0x00000400   Section       16  startup_mkl05z4.o(.ARM.__at_0x400)
    .text                                    0x00000410   Section        0  _printf_wctomb.o(.text)
    .text                                    0x000004cc   Section        0  _printf_hex_int.o(.text)
    .text                                    0x00000524   Section        0  __printf_flags_ss_wp.o(.text)
    .text                                    0x000006ac   Section      504  aeabi_sdivfast.o(.text)
    .text                                    0x000008a4   Section        0  _printf_intcommon.o(.text)
    .text                                    0x00000954   Section        0  _printf_char.o(.text)
    .text                                    0x00000982   Section        0  _printf_wchar.o(.text)
    .text                                    0x000009b0   Section        0  _c16rtomb.o(.text)
    .text                                    0x000009f2   Section        0  rtudiv10.o(.text)
    .text                                    0x00000a1a   Section       62  sys_stackheap_outer.o(.text)
    .text                                    0x00000a58   Section        8  rt_locale_intlibspace.o(.text)
    .text                                    0x00000a60   Section        0  exit.o(.text)
    .text                                    0x00000a70   Section        8  libspace.o(.text)
    .text                                    0x00000a78   Section      176  strcmpv6m.o(.text)
    .text                                    0x00000b28   Section        0  sys_exit.o(.text)
    .text                                    0x00000b34   Section        2  use_no_semi.o(.text)
    .text                                    0x00000b36   Section        0  indicate_semi.o(.text)
    [Anonymous Symbol]                       0x00000b38   Section        0  adc.o(.text.ADC_Init)
    __arm_cp.0_0                             0x00000bd8   Number         4  adc.o(.text.ADC_Init)
    __arm_cp.0_1                             0x00000bdc   Number         4  adc.o(.text.ADC_Init)
    __arm_cp.0_2                             0x00000be0   Number         4  adc.o(.text.ADC_Init)
    __arm_cp.0_3                             0x00000be4   Number         4  adc.o(.text.ADC_Init)
    [Anonymous Symbol]                       0x00000be8   Section        0  i2c.o(.text.I2C_Init)
    __arm_cp.0_0                             0x00000c28   Number         4  i2c.o(.text.I2C_Init)
    __arm_cp.0_1                             0x00000c2c   Number         4  i2c.o(.text.I2C_Init)
    __arm_cp.0_2                             0x00000c30   Number         4  i2c.o(.text.I2C_Init)
    [Anonymous Symbol]                       0x00000c34   Section        0  i2c.o(.text.I2C_Read)
    __arm_cp.10_1                            0x00000c80   Number         4  i2c.o(.text.I2C_Read)
    [Anonymous Symbol]                       0x00000c84   Section        0  i2c.o(.text.I2C_Write)
    [Anonymous Symbol]                       0x00000cc0   Section        0  lcd1602.o(.text.LCD1602_BF_AC)
    [Anonymous Symbol]                       0x00000d88   Section        0  lcd1602.o(.text.LCD1602_CheckAddress)
    [Anonymous Symbol]                       0x00000db0   Section        0  lcd1602.o(.text.LCD1602_ClearAll)
    [Anonymous Symbol]                       0x00000dbc   Section        0  lcd1602.o(.text.LCD1602_Init)
    __arm_cp.0_0                             0x00000e04   Number         4  lcd1602.o(.text.LCD1602_Init)
    [Anonymous Symbol]                       0x00000e08   Section        0  lcd1602.o(.text.LCD1602_Print)
    [Anonymous Symbol]                       0x00000e28   Section        0  lcd1602.o(.text.LCD1602_SetCursor)
    [Anonymous Symbol]                       0x00000e46   Section        0  lcd1602.o(.text.LCD1602_Write4)
    [Anonymous Symbol]                       0x00000e60   Section        0  lcd1602.o(.text.LCD1602_Write8)
    [Anonymous Symbol]                       0x00000e88   Section        0  lcd1602.o(.text.PCF8574_Write)
    __arm_cp.12_0                            0x00000eac   Number         4  lcd1602.o(.text.PCF8574_Write)
    __arm_cp.12_1                            0x00000eb0   Number         4  lcd1602.o(.text.PCF8574_Write)
    [Anonymous Symbol]                       0x00000eb4   Section        0  system_mkl05z4.o(.text.SystemInit)
    __arm_cp.0_0                             0x00000ef0   Number         4  system_mkl05z4.o(.text.SystemInit)
    __arm_cp.0_1                             0x00000ef4   Number         4  system_mkl05z4.o(.text.SystemInit)
    __arm_cp.0_2                             0x00000ef8   Number         4  system_mkl05z4.o(.text.SystemInit)
    __arm_cp.0_3                             0x00000efc   Number         4  system_mkl05z4.o(.text.SystemInit)
    __NVIC_ClearPendingIRQ                   0x00000f01   Thumb Code    12  adc.o(.text.__NVIC_ClearPendingIRQ)
    [Anonymous Symbol]                       0x00000f00   Section        0  adc.o(.text.__NVIC_ClearPendingIRQ)
    __arm_cp.1_0                             0x00000f0c   Number         4  adc.o(.text.__NVIC_ClearPendingIRQ)
    __NVIC_EnableIRQ                         0x00000f11   Thumb Code    12  adc.o(.text.__NVIC_EnableIRQ)
    [Anonymous Symbol]                       0x00000f10   Section        0  adc.o(.text.__NVIC_EnableIRQ)
    __arm_cp.2_0                             0x00000f1c   Number         4  adc.o(.text.__NVIC_EnableIRQ)
    [Anonymous Symbol]                       0x00000f20   Section        0  i2c.o(.text.i2c_clr_IICIF)
    [Anonymous Symbol]                       0x00000f2c   Section        0  i2c.o(.text.i2c_disable)
    [Anonymous Symbol]                       0x00000f38   Section        0  i2c.o(.text.i2c_enable)
    [Anonymous Symbol]                       0x00000f44   Section        0  i2c.o(.text.i2c_m_start)
    [Anonymous Symbol]                       0x00000f50   Section        0  i2c.o(.text.i2c_m_stop)
    [Anonymous Symbol]                       0x00000f5c   Section        0  i2c.o(.text.i2c_nack)
    [Anonymous Symbol]                       0x00000f68   Section        0  i2c.o(.text.i2c_rec)
    [Anonymous Symbol]                       0x00000f74   Section        0  i2c.o(.text.i2c_recv)
    [Anonymous Symbol]                       0x00000f7c   Section        0  i2c.o(.text.i2c_send)
    __arm_cp.5_0                             0x00000f84   Number         4  i2c.o(.text.i2c_send)
    [Anonymous Symbol]                       0x00000f88   Section        0  i2c.o(.text.i2c_tran)
    __arm_cp.3_0                             0x00000f94   Number         4  i2c.o(.text.i2c_tran)
    [Anonymous Symbol]                       0x00000f98   Section        0  i2c.o(.text.i2c_wait)
    __arm_cp.6_0                             0x00000fe8   Number         4  i2c.o(.text.i2c_wait)
    __arm_cp.6_1                             0x00000fec   Number         4  i2c.o(.text.i2c_wait)
    __arm_cp.6_2                             0x00000ff0   Number         4  i2c.o(.text.i2c_wait)
    [Anonymous Symbol]                       0x00000ff4   Section        0  klaw2.o(.text.k_init)
    __arm_cp.0_0                             0x00001040   Number         4  klaw2.o(.text.k_init)
    __arm_cp.0_1                             0x00001044   Number         4  klaw2.o(.text.k_init)
    __arm_cp.0_2                             0x00001048   Number         4  klaw2.o(.text.k_init)
    [Anonymous Symbol]                       0x0000104c   Section        0  klaw2.o(.text.k_read)
    __arm_cp.2_0                             0x000010e0   Number         4  klaw2.o(.text.k_read)
    __arm_cp.2_1                             0x000010e4   Number         4  klaw2.o(.text.k_read)
    __arm_cp.2_2                             0x000010e8   Number         4  klaw2.o(.text.k_read)
    __arm_cp.2_3                             0x000010ec   Number         4  klaw2.o(.text.k_read)
    [Anonymous Symbol]                       0x000010f0   Section        0  main.o(.text.main)
    [Anonymous Symbol]                       0x00001214   Section        0  main.o(.text.make_a_dice_roll)
    __arm_cp.0_0                             0x00001258   Number         4  main.o(.text.make_a_dice_roll)
    [Anonymous Symbol]                       0x0000125c   Section        0  main.o(.text.show_dice_lcd)
    __arm_cp.1_1                             0x000012d0   Number         4  main.o(.text.show_dice_lcd)
    __arm_cp.1_2                             0x000012d4   Number         4  main.o(.text.show_dice_lcd)
    [Anonymous Symbol]                       0x000012e4   Section        0  main.o(.text.update_kept_lcd)
    __arm_cp.2_2                             0x0000135c   Number         4  main.o(.text.update_kept_lcd)
    i._is_digit                              0x00001360   Section        0  __printf_wp.o(i._is_digit)
    locale$$code                             0x00001370   Section       44  lc_ctype_c.o(locale$$code)
    initial_mbstate                          0x0000139c   Data           8  _printf_wctomb.o(.constdata)
    .constdata                               0x0000139c   Section        8  _printf_wctomb.o(.constdata)
    uc_hextab                                0x000013a4   Data          20  _printf_hex_int.o(.constdata)
    .constdata                               0x000013a4   Section       40  _printf_hex_int.o(.constdata)
    lc_hextab                                0x000013b8   Data          20  _printf_hex_int.o(.constdata)
    maptable                                 0x000013cc   Data          17  __printf_flags_ss_wp.o(.constdata)
    .constdata                               0x000013cc   Section       17  __printf_flags_ss_wp.o(.constdata)
    locale$$data                             0x00001400   Section      272  lc_ctype_c.o(locale$$data)
    __lcctype_c_name                         0x00001404   Data           2  lc_ctype_c.o(locale$$data)
    __lcctype_c_start                        0x0000140c   Data           0  lc_ctype_c.o(locale$$data)
    __lcctype_c_end                          0x00001510   Data           0  lc_ctype_c.o(locale$$data)
    lcd_backlight                            0x1ffffc18   Data           1  lcd1602.o(.data.lcd_backlight)
    [Anonymous Symbol]                       0x1ffffc18   Section        0  lcd1602.o(.data.lcd_backlight)
    .bss                                     0x1ffffc20   Section       96  libspace.o(.bss)
    error                                    0x1ffffc95   Data           1  i2c.o(.bss.error)
    [Anonymous Symbol]                       0x1ffffc95   Section        0  i2c.o(.bss.error)
    pcf_address                              0x1ffffcac   Data           1  lcd1602.o(.bss.pcf_address)
    [Anonymous Symbol]                       0x1ffffcac   Section        0  lcd1602.o(.bss.pcf_address)
    Heap_Mem                                 0x1ffffcb0   Data           0  startup_mkl05z4.o(HEAP)
    Stack_Mem                                0x1ffffcb0   Data         768  startup_mkl05z4.o(STACK)
    HEAP                                     0x1ffffcb0   Section        0  startup_mkl05z4.o(HEAP)
    STACK                                    0x1ffffcb0   Section      768  startup_mkl05z4.o(STACK)
    __initial_sp                             0x1fffffb0   Data           0  startup_mkl05z4.o(STACK)

    Global Symbols

    Symbol Name                              Value     Ov Type        Size  Object(Section)

    BuildAttributes$$THM_ISAv3M$S$PE$A:L22$X:L11$S22$IEEE1$IW$~IW$USESV6$~STKCKD$USESV7$~SHL$OTIME$ROPI$EBA8$UX$STANDARDLIB$REQ8$PRES8$EABIv2 0x00000000   Number         0  anon$$obj.o ABSOLUTE
    __Vectors                                0x00000000   Data           4  startup_mkl05z4.o(RESET)
    _printf_flags                            0x00000000   Number         0  printf_stubs.o ABSOLUTE
    _printf_return_value                     0x00000000   Number         0  printf_stubs.o ABSOLUTE
    _printf_sizespec                         0x00000000   Number         0  printf_stubs.o ABSOLUTE
    _printf_widthprec                        0x00000000   Number         0  printf_stubs.o ABSOLUTE
    __ARM_exceptions_init                     - Undefined Weak Reference
    __alloca_initialize                       - Undefined Weak Reference
    __arm_preinit_                            - Undefined Weak Reference
    __cpp_initialize__aeabi_                  - Undefined Weak Reference
    __cxa_finalize                            - Undefined Weak Reference
    __sigvec_lookup                           - Undefined Weak Reference
    _atexit_init                              - Undefined Weak Reference
    _call_atexit_fns                          - Undefined Weak Reference
    _clock_init                               - Undefined Weak Reference
    _fp_trap_init                             - Undefined Weak Reference
    _fp_trap_shutdown                         - Undefined Weak Reference
    _get_lc_collate                           - Undefined Weak Reference
    _get_lc_monetary                          - Undefined Weak Reference
    _get_lc_numeric                           - Undefined Weak Reference
    _get_lc_time                              - Undefined Weak Reference
    _getenv_init                              - Undefined Weak Reference
    _handle_redirection                       - Undefined Weak Reference
    _init_alloc                               - Undefined Weak Reference
    _init_user_alloc                          - Undefined Weak Reference
    _initio                                   - Undefined Weak Reference
    _printf_mbtowc                            - Undefined Weak Reference
    _printf_wc                                - Undefined Weak Reference
    _rand_init                                - Undefined Weak Reference
    _signal_finish                            - Undefined Weak Reference
    _signal_init                              - Undefined Weak Reference
    _terminate_alloc                          - Undefined Weak Reference
    _terminate_user_alloc                     - Undefined Weak Reference
    _terminateio                              - Undefined Weak Reference
    __Vectors_End                            0x000000c0   Data           0  startup_mkl05z4.o(RESET)
    __Vectors_Size                           0x000000c0   Number         0  startup_mkl05z4.o ABSOLUTE
    __main                                   0x000000c1   Thumb Code     8  __main.o(!!!main)
    __scatterload                            0x000000c9   Thumb Code     0  __scatter.o(!!!scatter)
    __scatterload_rt2                        0x000000c9   Thumb Code    52  __scatter.o(!!!scatter)
    __scatterload_rt2_thumb_only             0x000000c9   Thumb Code     0  __scatter.o(!!!scatter)
    __scatterload_null                       0x000000d9   Thumb Code     0  __scatter.o(!!!scatter)
    __scatterload_copy                       0x00000105   Thumb Code    26  __scatter_copy.o(!!handler_copy)
    __scatterload_zeroinit                   0x00000121   Thumb Code    28  __scatter_zi.o(!!handler_zi)
    _printf_percent                          0x0000013d   Thumb Code     0  _printf_percent.o(.ARM.Collect$$_printf_percent$$00000000)
    _printf_i                                0x0000013f   Thumb Code     0  _printf_i.o(.ARM.Collect$$_printf_percent$$00000008)
    _printf_d                                0x00000149   Thumb Code     0  _printf_d.o(.ARM.Collect$$_printf_percent$$00000009)
    _printf_u                                0x00000153   Thumb Code     0  _printf_u.o(.ARM.Collect$$_printf_percent$$0000000A)
    _printf_o                                0x0000015d   Thumb Code     0  _printf_o.o(.ARM.Collect$$_printf_percent$$0000000B)
    _printf_x                                0x00000167   Thumb Code     0  _printf_x.o(.ARM.Collect$$_printf_percent$$0000000C)
    _printf_l                                0x00000171   Thumb Code     0  _printf_l.o(.ARM.Collect$$_printf_percent$$00000012)
    _printf_c                                0x0000017b   Thumb Code     0  _printf_c.o(.ARM.Collect$$_printf_percent$$00000013)
    _printf_lc                               0x00000185   Thumb Code     0  _printf_lc.o(.ARM.Collect$$_printf_percent$$00000015)
    _printf_percent_end                      0x0000018f   Thumb Code     0  _printf_percent_end.o(.ARM.Collect$$_printf_percent$$00000017)
    __rt_lib_init                            0x00000193   Thumb Code     0  libinit.o(.ARM.Collect$$libinit$$00000000)
    __rt_lib_init_fp_1                       0x00000195   Thumb Code     0  libinit2.o(.ARM.Collect$$libinit$$00000002)
    __rt_lib_init_heap_1                     0x00000195   Thumb Code     0  libinit2.o(.ARM.Collect$$libinit$$0000000A)
    __rt_lib_init_lc_common                  0x00000195   Thumb Code     0  libinit2.o(.ARM.Collect$$libinit$$0000000F)
    __rt_lib_init_preinit_1                  0x00000195   Thumb Code     0  libinit2.o(.ARM.Collect$$libinit$$00000004)
    __rt_lib_init_rand_1                     0x00000195   Thumb Code     0  libinit2.o(.ARM.Collect$$libinit$$0000000E)
    __rt_lib_init_user_alloc_1               0x00000195   Thumb Code     0  libinit2.o(.ARM.Collect$$libinit$$0000000C)
    __rt_lib_init_lc_collate_1               0x0000019b   Thumb Code     0  libinit2.o(.ARM.Collect$$libinit$$00000011)
    __rt_lib_init_lc_ctype_2                 0x0000019b   Thumb Code     0  libinit2.o(.ARM.Collect$$libinit$$00000012)
    __rt_lib_init_alloca_1                   0x000001a7   Thumb Code     0  libinit2.o(.ARM.Collect$$libinit$$0000002E)
    __rt_lib_init_argv_1                     0x000001a7   Thumb Code     0  libinit2.o(.ARM.Collect$$libinit$$0000002C)
    __rt_lib_init_atexit_1                   0x000001a7   Thumb Code     0  libinit2.o(.ARM.Collect$$libinit$$0000001B)
    __rt_lib_init_clock_1                    0x000001a7   Thumb Code     0  libinit2.o(.ARM.Collect$$libinit$$00000021)
    __rt_lib_init_cpp_1                      0x000001a7   Thumb Code     0  libinit2.o(.ARM.Collect$$libinit$$00000032)
    __rt_lib_init_exceptions_1               0x000001a7   Thumb Code     0  libinit2.o(.ARM.Collect$$libinit$$00000030)
    __rt_lib_init_fp_trap_1                  0x000001a7   Thumb Code     0  libinit2.o(.ARM.Collect$$libinit$$0000001F)
    __rt_lib_init_getenv_1                   0x000001a7   Thumb Code     0  libinit2.o(.ARM.Collect$$libinit$$00000023)
    __rt_lib_init_lc_ctype_1                 0x000001a7   Thumb Code     0  libinit2.o(.ARM.Collect$$libinit$$00000013)
    __rt_lib_init_lc_monetary_1              0x000001a7   Thumb Code     0  libinit2.o(.ARM.Collect$$libinit$$00000015)
    __rt_lib_init_lc_numeric_1               0x000001a7   Thumb Code     0  libinit2.o(.ARM.Collect$$libinit$$00000017)
    __rt_lib_init_lc_time_1                  0x000001a7   Thumb Code     0  libinit2.o(.ARM.Collect$$libinit$$00000019)
    __rt_lib_init_return                     0x000001a7   Thumb Code     0  libinit2.o(.ARM.Collect$$libinit$$00000033)
    __rt_lib_init_signal_1                   0x000001a7   Thumb Code     0  libinit2.o(.ARM.Collect$$libinit$$0000001D)
    __rt_lib_init_stdio_1                    0x000001a7   Thumb Code     0  libinit2.o(.ARM.Collect$$libinit$$00000025)
    __rt_lib_shutdown                        0x000001a9   Thumb Code     0  libshutdown.o(.ARM.Collect$$libshutdown$$00000000)
    __rt_lib_shutdown_cpp_1                  0x000001ab   Thumb Code     0  libshutdown2.o(.ARM.Collect$$libshutdown$$00000002)
    __rt_lib_shutdown_fp_trap_1              0x000001ab   Thumb Code     0  libshutdown2.o(.ARM.Collect$$libshutdown$$00000007)
    __rt_lib_shutdown_heap_1                 0x000001ab   Thumb Code     0  libshutdown2.o(.ARM.Collect$$libshutdown$$0000000F)
    __rt_lib_shutdown_return                 0x000001ab   Thumb Code     0  libshutdown2.o(.ARM.Collect$$libshutdown$$00000010)
    __rt_lib_shutdown_signal_1               0x000001ab   Thumb Code     0  libshutdown2.o(.ARM.Collect$$libshutdown$$0000000A)
    __rt_lib_shutdown_stdio_1                0x000001ab   Thumb Code     0  libshutdown2.o(.ARM.Collect$$libshutdown$$00000004)
    __rt_lib_shutdown_user_alloc_1           0x000001ab   Thumb Code     0  libshutdown2.o(.ARM.Collect$$libshutdown$$0000000C)
    __rt_entry                               0x000001ad   Thumb Code     0  __rtentry.o(.ARM.Collect$$rtentry$$00000000)
    __rt_entry_presh_1                       0x000001ad   Thumb Code     0  __rtentry2.o(.ARM.Collect$$rtentry$$00000002)
    __rt_entry_sh                            0x000001ad   Thumb Code     0  __rtentry4.o(.ARM.Collect$$rtentry$$00000004)
    __rt_entry_li                            0x000001b3   Thumb Code     0  __rtentry2.o(.ARM.Collect$$rtentry$$0000000A)
    __rt_entry_postsh_1                      0x000001b3   Thumb Code     0  __rtentry2.o(.ARM.Collect$$rtentry$$00000009)
    __rt_entry_main                          0x000001b7   Thumb Code     0  __rtentry2.o(.ARM.Collect$$rtentry$$0000000D)
    __rt_entry_postli_1                      0x000001b7   Thumb Code     0  __rtentry2.o(.ARM.Collect$$rtentry$$0000000C)
    __rt_exit                                0x000001bf   Thumb Code     0  rtexit.o(.ARM.Collect$$rtexit$$00000000)
    __rt_exit_ls                             0x000001c1   Thumb Code     0  rtexit2.o(.ARM.Collect$$rtexit$$00000003)
    __rt_exit_prels_1                        0x000001c1   Thumb Code     0  rtexit2.o(.ARM.Collect$$rtexit$$00000002)
    __rt_exit_exit                           0x000001c5   Thumb Code     0  rtexit2.o(.ARM.Collect$$rtexit$$00000004)
    Reset_Handler                            0x000001cd   Thumb Code     8  startup_mkl05z4.o(.text)
    NMI_Handler                              0x000001d5   Thumb Code     2  startup_mkl05z4.o(.text)
    HardFault_Handler                        0x000001d7   Thumb Code     2  startup_mkl05z4.o(.text)
    SVC_Handler                              0x000001d9   Thumb Code     2  startup_mkl05z4.o(.text)
    PendSV_Handler                           0x000001db   Thumb Code     2  startup_mkl05z4.o(.text)
    SysTick_Handler                          0x000001dd   Thumb Code     2  startup_mkl05z4.o(.text)
    ADC0_IRQHandler                          0x000001df   Thumb Code     0  startup_mkl05z4.o(.text)
    CMP0_IRQHandler                          0x000001df   Thumb Code     0  startup_mkl05z4.o(.text)
    DAC0_IRQHandler                          0x000001df   Thumb Code     0  startup_mkl05z4.o(.text)
    DMA0_IRQHandler                          0x000001df   Thumb Code     0  startup_mkl05z4.o(.text)
    DMA1_IRQHandler                          0x000001df   Thumb Code     0  startup_mkl05z4.o(.text)
    DMA2_IRQHandler                          0x000001df   Thumb Code     0  startup_mkl05z4.o(.text)
    DMA3_IRQHandler                          0x000001df   Thumb Code     0  startup_mkl05z4.o(.text)
    DefaultISR                               0x000001df   Thumb Code     0  startup_mkl05z4.o(.text)
    FTFA_IRQHandler                          0x000001df   Thumb Code     0  startup_mkl05z4.o(.text)
    I2C0_IRQHandler                          0x000001df   Thumb Code     0  startup_mkl05z4.o(.text)
    LLW_IRQHandler                           0x000001df   Thumb Code     0  startup_mkl05z4.o(.text)
    LPTimer_IRQHandler                       0x000001df   Thumb Code     0  startup_mkl05z4.o(.text)
    LVD_LVW_IRQHandler                       0x000001df   Thumb Code     0  startup_mkl05z4.o(.text)
    MCG_IRQHandler                           0x000001df   Thumb Code     0  startup_mkl05z4.o(.text)
    PIT_IRQHandler                           0x000001df   Thumb Code     0  startup_mkl05z4.o(.text)
    PORTA_IRQHandler                         0x000001df   Thumb Code     0  startup_mkl05z4.o(.text)
    PORTB_IRQHandler                         0x000001df   Thumb Code     0  startup_mkl05z4.o(.text)
    RTC_IRQHandler                           0x000001df   Thumb Code     0  startup_mkl05z4.o(.text)
    RTC_Seconds_IRQHandler                   0x000001df   Thumb Code     0  startup_mkl05z4.o(.text)
    Reserved20_IRQHandler                    0x000001df   Thumb Code     0  startup_mkl05z4.o(.text)
    Reserved25_IRQHandler                    0x000001df   Thumb Code     0  startup_mkl05z4.o(.text)
    Reserved27_IRQHandler                    0x000001df   Thumb Code     0  startup_mkl05z4.o(.text)
    Reserved29_IRQHandler                    0x000001df   Thumb Code     0  startup_mkl05z4.o(.text)
    Reserved30_IRQHandler                    0x000001df   Thumb Code     0  startup_mkl05z4.o(.text)
    Reserved35_IRQHandler                    0x000001df   Thumb Code     0  startup_mkl05z4.o(.text)
    Reserved39_IRQHandler                    0x000001df   Thumb Code     0  startup_mkl05z4.o(.text)
    Reserved40_IRQHandler                    0x000001df   Thumb Code     0  startup_mkl05z4.o(.text)
    Reserved45_IRQHandler                    0x000001df   Thumb Code     0  startup_mkl05z4.o(.text)
    SPI0_IRQHandler                          0x000001df   Thumb Code     0  startup_mkl05z4.o(.text)
    TPM0_IRQHandler                          0x000001df   Thumb Code     0  startup_mkl05z4.o(.text)
    TPM1_IRQHandler                          0x000001df   Thumb Code     0  startup_mkl05z4.o(.text)
    TSI0_IRQHandler                          0x000001df   Thumb Code     0  startup_mkl05z4.o(.text)
    UART0_IRQHandler                         0x000001df   Thumb Code     0  startup_mkl05z4.o(.text)
    __user_initial_stackheap                 0x000001e1   Thumb Code     0  startup_mkl05z4.o(.text)
    __2sprintf                               0x00000201   Thumb Code    40  __2sprintf.o(.text)
    _printf_pre_padding                      0x0000022d   Thumb Code    44  _printf_pad.o(.text)
    _printf_post_padding                     0x00000259   Thumb Code    34  _printf_pad.o(.text)
    _printf_truncate_signed                  0x0000027b   Thumb Code    18  _printf_truncate.o(.text)
    _printf_truncate_unsigned                0x0000028d   Thumb Code    18  _printf_truncate.o(.text)
    _printf_str                              0x0000029f   Thumb Code    82  _printf_str.o(.text)
    _printf_int_dec                          0x000002f1   Thumb Code    90  _printf_dec.o(.text)
    _printf_int_oct                          0x0000035d   Thumb Code    72  _printf_oct_int.o(.text)
    _printf_longlong_oct                     0x0000035d   Thumb Code     0  _printf_oct_int.o(.text)
    __use_two_region_memory                  0x000003ad   Thumb Code     2  heapauxi.o(.text)
    __rt_heap_escrow$2region                 0x000003af   Thumb Code     2  heapauxi.o(.text)
    __rt_heap_expand$2region                 0x000003b1   Thumb Code     2  heapauxi.o(.text)
    _printf_char_common                      0x000003bf   Thumb Code    32  _printf_char_common.o(.text)
    _sputc                                   0x000003e5   Thumb Code    10  _sputc.o(.text)
    __rt_ctype_table                         0x000003f1   Thumb Code    16  rt_ctype_table.o(.text)
    _printf_wctomb                           0x00000411   Thumb Code   182  _printf_wctomb.o(.text)
    _printf_int_hex                          0x000004cd   Thumb Code    84  _printf_hex_int.o(.text)
    _printf_longlong_hex                     0x000004cd   Thumb Code     0  _printf_hex_int.o(.text)
    __printf                                 0x00000525   Thumb Code   386  __printf_flags_ss_wp.o(.text)
    __aeabi_uidivmod                         0x000006ad   Thumb Code    28  aeabi_sdivfast.o(.text)
    __aeabi_idivmod                          0x000006c9   Thumb Code   472  aeabi_sdivfast.o(.text)
    _printf_int_common                       0x000008a5   Thumb Code   176  _printf_intcommon.o(.text)
    _printf_cs_common                        0x00000955   Thumb Code    22  _printf_char.o(.text)
    _printf_char                             0x0000096b   Thumb Code    16  _printf_char.o(.text)
    _printf_string                           0x0000097b   Thumb Code     8  _printf_char.o(.text)
    _printf_lcs_common                       0x00000983   Thumb Code    22  _printf_wchar.o(.text)
    _printf_wchar                            0x00000999   Thumb Code    16  _printf_wchar.o(.text)
    _printf_wstring                          0x000009a9   Thumb Code     8  _printf_wchar.o(.text)
    _c16rtomb                                0x000009b1   Thumb Code    66  _c16rtomb.o(.text)
    _wcrtomb                                 0x000009b1   Thumb Code     0  _c16rtomb.o(.text)
    __rt_udiv10                              0x000009f3   Thumb Code    40  rtudiv10.o(.text)
    __user_setup_stackheap                   0x00000a1b   Thumb Code    62  sys_stackheap_outer.o(.text)
    __rt_locale                              0x00000a59   Thumb Code     8  rt_locale_intlibspace.o(.text)
    exit                                     0x00000a61   Thumb Code    16  exit.o(.text)
    __user_libspace                          0x00000a71   Thumb Code     8  libspace.o(.text)
    __user_perproc_libspace                  0x00000a71   Thumb Code     0  libspace.o(.text)
    __user_perthread_libspace                0x00000a71   Thumb Code     0  libspace.o(.text)
    strcmp                                   0x00000a79   Thumb Code   176  strcmpv6m.o(.text)
    _sys_exit                                0x00000b29   Thumb Code     8  sys_exit.o(.text)
    __I$use$semihosting                      0x00000b35   Thumb Code     0  use_no_semi.o(.text)
    __use_no_semihosting_swi                 0x00000b35   Thumb Code     2  use_no_semi.o(.text)
    __semihosting_library_function           0x00000b37   Thumb Code     0  indicate_semi.o(.text)
    ADC_Init                                 0x00000b39   Thumb Code   160  adc.o(.text.ADC_Init)
    I2C_Init                                 0x00000be9   Thumb Code    64  i2c.o(.text.I2C_Init)
    I2C_Read                                 0x00000c35   Thumb Code    76  i2c.o(.text.I2C_Read)
    I2C_Write                                0x00000c85   Thumb Code    60  i2c.o(.text.I2C_Write)
    LCD1602_BF_AC                            0x00000cc1   Thumb Code   200  lcd1602.o(.text.LCD1602_BF_AC)
    LCD1602_CheckAddress                     0x00000d89   Thumb Code    40  lcd1602.o(.text.LCD1602_CheckAddress)
    LCD1602_ClearAll                         0x00000db1   Thumb Code    12  lcd1602.o(.text.LCD1602_ClearAll)
    LCD1602_Init                             0x00000dbd   Thumb Code    72  lcd1602.o(.text.LCD1602_Init)
    LCD1602_Print                            0x00000e09   Thumb Code    32  lcd1602.o(.text.LCD1602_Print)
    LCD1602_SetCursor                        0x00000e29   Thumb Code    30  lcd1602.o(.text.LCD1602_SetCursor)
    LCD1602_Write4                           0x00000e47   Thumb Code    26  lcd1602.o(.text.LCD1602_Write4)
    LCD1602_Write8                           0x00000e61   Thumb Code    40  lcd1602.o(.text.LCD1602_Write8)
    PCF8574_Write                            0x00000e89   Thumb Code    36  lcd1602.o(.text.PCF8574_Write)
    SystemInit                               0x00000eb5   Thumb Code    60  system_mkl05z4.o(.text.SystemInit)
    i2c_clr_IICIF                            0x00000f21   Thumb Code    12  i2c.o(.text.i2c_clr_IICIF)
    i2c_disable                              0x00000f2d   Thumb Code    12  i2c.o(.text.i2c_disable)
    i2c_enable                               0x00000f39   Thumb Code    12  i2c.o(.text.i2c_enable)
    i2c_m_start                              0x00000f45   Thumb Code    12  i2c.o(.text.i2c_m_start)
    i2c_m_stop                               0x00000f51   Thumb Code    12  i2c.o(.text.i2c_m_stop)
    i2c_nack                                 0x00000f5d   Thumb Code    12  i2c.o(.text.i2c_nack)
    i2c_rec                                  0x00000f69   Thumb Code    12  i2c.o(.text.i2c_rec)
    i2c_recv                                 0x00000f75   Thumb Code     8  i2c.o(.text.i2c_recv)
    i2c_send                                 0x00000f7d   Thumb Code     8  i2c.o(.text.i2c_send)
    i2c_tran                                 0x00000f89   Thumb Code    12  i2c.o(.text.i2c_tran)
    i2c_wait                                 0x00000f99   Thumb Code    80  i2c.o(.text.i2c_wait)
    k_init                                   0x00000ff5   Thumb Code    76  klaw2.o(.text.k_init)
    k_read                                   0x0000104d   Thumb Code   148  klaw2.o(.text.k_read)
    main                                     0x000010f1   Thumb Code   212  main.o(.text.main)
    make_a_dice_roll                         0x00001215   Thumb Code    68  main.o(.text.make_a_dice_roll)
    show_dice_lcd                            0x0000125d   Thumb Code   108  main.o(.text.show_dice_lcd)
    update_kept_lcd                          0x000012e5   Thumb Code    88  main.o(.text.update_kept_lcd)
    _is_digit                                0x00001361   Thumb Code    14  __printf_wp.o(i._is_digit)
    _get_lc_ctype                            0x00001371   Thumb Code    44  lc_ctype_c.o(locale$$code)
    Region$$Table$$Base                      0x000013e0   Number         0  anon$$obj.o(Region$$Table)
    Region$$Table$$Limit                     0x00001400   Number         0  anon$$obj.o(Region$$Table)
    __ctype                                  0x0000140d   Data           0  lc_ctype_c.o(locale$$data)
    k_cols                                   0x1ffffc00   Data           4  klaw2.o(.data.k_cols)
    k_rows                                   0x1ffffc04   Data           4  klaw2.o(.data.k_rows)
    k_tab                                    0x1ffffc08   Data          16  klaw2.o(.data.k_tab)
    __libspace_start                         0x1ffffc20   Data          96  libspace.o(.bss)
    __temporary_stack_top$libspace           0x1ffffc80   Data           0  libspace.o(.bss)
    dice                                     0x1ffffc80   Data          20  main.o(.bss.dice)
    dummy                                    0x1ffffc94   Data           1  i2c.o(.bss.dummy)
    kept                                     0x1ffffc98   Data          20  main.o(.bss.kept)



==============================================================================

Memory Map of the image

  Image Entry point : 0x000000c1

  Load Region LR_IROM1 (Base: 0x00000000, Size: 0x00001530, Max: 0x00008000, ABSOLUTE)

    Execution Region ER_IROM1 (Exec base: 0x00000000, Load base: 0x00000000, Size: 0x00001510, Max: 0x00008000, ABSOLUTE)

    Exec Addr    Load Addr    Size         Type   Attr      Idx    E Section Name        Object

    0x00000000   0x00000000   0x000000c0   Data   RO          156    RESET               startup_mkl05z4.o
    0x000000c0   0x000000c0   0x00000008   Code   RO          263  * !!!main             c_p.l(__main.o)
    0x000000c8   0x000000c8   0x0000003c   Code   RO          468    !!!scatter          c_p.l(__scatter.o)
    0x00000104   0x00000104   0x0000001a   Code   RO          470    !!handler_copy      c_p.l(__scatter_copy.o)
    0x0000011e   0x0000011e   0x00000002   PAD
    0x00000120   0x00000120   0x0000001c   Code   RO          472    !!handler_zi        c_p.l(__scatter_zi.o)
    0x0000013c   0x0000013c   0x00000002   Code   RO          251    .ARM.Collect$$_printf_percent$$00000000  c_p.l(_printf_percent.o)
    0x0000013e   0x0000013e   0x0000000a   Code   RO          248    .ARM.Collect$$_printf_percent$$00000008  c_p.l(_printf_i.o)
    0x00000148   0x00000148   0x0000000a   Code   RO          249    .ARM.Collect$$_printf_percent$$00000009  c_p.l(_printf_d.o)
    0x00000152   0x00000152   0x0000000a   Code   RO          250    .ARM.Collect$$_printf_percent$$0000000A  c_p.l(_printf_u.o)
    0x0000015c   0x0000015c   0x0000000a   Code   RO          247    .ARM.Collect$$_printf_percent$$0000000B  c_p.l(_printf_o.o)
    0x00000166   0x00000166   0x0000000a   Code   RO          246    .ARM.Collect$$_printf_percent$$0000000C  c_p.l(_printf_x.o)
    0x00000170   0x00000170   0x0000000a   Code   RO          281    .ARM.Collect$$_printf_percent$$00000012  c_p.l(_printf_l.o)
    0x0000017a   0x0000017a   0x0000000a   Code   RO          245    .ARM.Collect$$_printf_percent$$00000013  c_p.l(_printf_c.o)
    0x00000184   0x00000184   0x0000000a   Code   RO          252    .ARM.Collect$$_printf_percent$$00000015  c_p.l(_printf_lc.o)
    0x0000018e   0x0000018e   0x00000004   Code   RO          280    .ARM.Collect$$_printf_percent$$00000017  c_p.l(_printf_percent_end.o)
    0x00000192   0x00000192   0x00000002   Code   RO          329    .ARM.Collect$$libinit$$00000000  c_p.l(libinit.o)
    0x00000194   0x00000194   0x00000000   Code   RO          345    .ARM.Collect$$libinit$$00000002  c_p.l(libinit2.o)
    0x00000194   0x00000194   0x00000000   Code   RO          347    .ARM.Collect$$libinit$$00000004  c_p.l(libinit2.o)
    0x00000194   0x00000194   0x00000000   Code   RO          350    .ARM.Collect$$libinit$$0000000A  c_p.l(libinit2.o)
    0x00000194   0x00000194   0x00000000   Code   RO          352    .ARM.Collect$$libinit$$0000000C  c_p.l(libinit2.o)
    0x00000194   0x00000194   0x00000000   Code   RO          354    .ARM.Collect$$libinit$$0000000E  c_p.l(libinit2.o)
    0x00000194   0x00000194   0x00000006   Code   RO          355    .ARM.Collect$$libinit$$0000000F  c_p.l(libinit2.o)
    0x0000019a   0x0000019a   0x00000000   Code   RO          357    .ARM.Collect$$libinit$$00000011  c_p.l(libinit2.o)
    0x0000019a   0x0000019a   0x0000000c   Code   RO          358    .ARM.Collect$$libinit$$00000012  c_p.l(libinit2.o)
    0x000001a6   0x000001a6   0x00000000   Code   RO          359    .ARM.Collect$$libinit$$00000013  c_p.l(libinit2.o)
    0x000001a6   0x000001a6   0x00000000   Code   RO          361    .ARM.Collect$$libinit$$00000015  c_p.l(libinit2.o)
    0x000001a6   0x000001a6   0x00000000   Code   RO          363    .ARM.Collect$$libinit$$00000017  c_p.l(libinit2.o)
    0x000001a6   0x000001a6   0x00000000   Code   RO          365    .ARM.Collect$$libinit$$00000019  c_p.l(libinit2.o)
    0x000001a6   0x000001a6   0x00000000   Code   RO          367    .ARM.Collect$$libinit$$0000001B  c_p.l(libinit2.o)
    0x000001a6   0x000001a6   0x00000000   Code   RO          369    .ARM.Collect$$libinit$$0000001D  c_p.l(libinit2.o)
    0x000001a6   0x000001a6   0x00000000   Code   RO          371    .ARM.Collect$$libinit$$0000001F  c_p.l(libinit2.o)
    0x000001a6   0x000001a6   0x00000000   Code   RO          373    .ARM.Collect$$libinit$$00000021  c_p.l(libinit2.o)
    0x000001a6   0x000001a6   0x00000000   Code   RO          375    .ARM.Collect$$libinit$$00000023  c_p.l(libinit2.o)
    0x000001a6   0x000001a6   0x00000000   Code   RO          377    .ARM.Collect$$libinit$$00000025  c_p.l(libinit2.o)
    0x000001a6   0x000001a6   0x00000000   Code   RO          381    .ARM.Collect$$libinit$$0000002C  c_p.l(libinit2.o)
    0x000001a6   0x000001a6   0x00000000   Code   RO          383    .ARM.Collect$$libinit$$0000002E  c_p.l(libinit2.o)
    0x000001a6   0x000001a6   0x00000000   Code   RO          385    .ARM.Collect$$libinit$$00000030  c_p.l(libinit2.o)
    0x000001a6   0x000001a6   0x00000000   Code   RO          387    .ARM.Collect$$libinit$$00000032  c_p.l(libinit2.o)
    0x000001a6   0x000001a6   0x00000002   Code   RO          388    .ARM.Collect$$libinit$$00000033  c_p.l(libinit2.o)
    0x000001a8   0x000001a8   0x00000002   Code   RO          423    .ARM.Collect$$libshutdown$$00000000  c_p.l(libshutdown.o)
    0x000001aa   0x000001aa   0x00000000   Code   RO          451    .ARM.Collect$$libshutdown$$00000002  c_p.l(libshutdown2.o)
    0x000001aa   0x000001aa   0x00000000   Code   RO          453    .ARM.Collect$$libshutdown$$00000004  c_p.l(libshutdown2.o)
    0x000001aa   0x000001aa   0x00000000   Code   RO          456    .ARM.Collect$$libshutdown$$00000007  c_p.l(libshutdown2.o)
    0x000001aa   0x000001aa   0x00000000   Code   RO          459    .ARM.Collect$$libshutdown$$0000000A  c_p.l(libshutdown2.o)
    0x000001aa   0x000001aa   0x00000000   Code   RO          461    .ARM.Collect$$libshutdown$$0000000C  c_p.l(libshutdown2.o)
    0x000001aa   0x000001aa   0x00000000   Code   RO          464    .ARM.Collect$$libshutdown$$0000000F  c_p.l(libshutdown2.o)
    0x000001aa   0x000001aa   0x00000002   Code   RO          465    .ARM.Collect$$libshutdown$$00000010  c_p.l(libshutdown2.o)
    0x000001ac   0x000001ac   0x00000000   Code   RO          265    .ARM.Collect$$rtentry$$00000000  c_p.l(__rtentry.o)
    0x000001ac   0x000001ac   0x00000000   Code   RO          287    .ARM.Collect$$rtentry$$00000002  c_p.l(__rtentry2.o)
    0x000001ac   0x000001ac   0x00000006   Code   RO          299    .ARM.Collect$$rtentry$$00000004  c_p.l(__rtentry4.o)
    0x000001b2   0x000001b2   0x00000000   Code   RO          289    .ARM.Collect$$rtentry$$00000009  c_p.l(__rtentry2.o)
    0x000001b2   0x000001b2   0x00000004   Code   RO          290    .ARM.Collect$$rtentry$$0000000A  c_p.l(__rtentry2.o)
    0x000001b6   0x000001b6   0x00000000   Code   RO          292    .ARM.Collect$$rtentry$$0000000C  c_p.l(__rtentry2.o)
    0x000001b6   0x000001b6   0x00000008   Code   RO          293    .ARM.Collect$$rtentry$$0000000D  c_p.l(__rtentry2.o)
    0x000001be   0x000001be   0x00000002   Code   RO          334    .ARM.Collect$$rtexit$$00000000  c_p.l(rtexit.o)
    0x000001c0   0x000001c0   0x00000000   Code   RO          394    .ARM.Collect$$rtexit$$00000002  c_p.l(rtexit2.o)
    0x000001c0   0x000001c0   0x00000004   Code   RO          395    .ARM.Collect$$rtexit$$00000003  c_p.l(rtexit2.o)
    0x000001c4   0x000001c4   0x00000006   Code   RO          396    .ARM.Collect$$rtexit$$00000004  c_p.l(rtexit2.o)
    0x000001ca   0x000001ca   0x00000002   PAD
    0x000001cc   0x000001cc   0x00000034   Code   RO          158    .text               startup_mkl05z4.o
    0x00000200   0x00000200   0x0000002c   Code   RO          181    .text               c_p.l(__2sprintf.o)
    0x0000022c   0x0000022c   0x0000004e   Code   RO          187    .text               c_p.l(_printf_pad.o)
    0x0000027a   0x0000027a   0x00000024   Code   RO          189    .text               c_p.l(_printf_truncate.o)
    0x0000029e   0x0000029e   0x00000052   Code   RO          191    .text               c_p.l(_printf_str.o)
    0x000002f0   0x000002f0   0x0000006c   Code   RO          193    .text               c_p.l(_printf_dec.o)
    0x0000035c   0x0000035c   0x00000050   Code   RO          200    .text               c_p.l(_printf_oct_int.o)
    0x000003ac   0x000003ac   0x00000006   Code   RO          261    .text               c_p.l(heapauxi.o)
    0x000003b2   0x000003b2   0x00000002   PAD
    0x000003b4   0x000003b4   0x00000030   Code   RO          272    .text               c_p.l(_printf_char_common.o)
    0x000003e4   0x000003e4   0x0000000a   Code   RO          274    .text               c_p.l(_sputc.o)
    0x000003ee   0x000003ee   0x00000002   PAD
    0x000003f0   0x000003f0   0x00000010   Code   RO          301    .text               c_p.l(rt_ctype_table.o)
    0x00000400   0x00000400   0x00000010   Code   RO          157    .ARM.__at_0x400     startup_mkl05z4.o
    0x00000410   0x00000410   0x000000bc   Code   RO          195    .text               c_p.l(_printf_wctomb.o)
    0x000004cc   0x000004cc   0x00000058   Code   RO          207    .text               c_p.l(_printf_hex_int.o)
    0x00000524   0x00000524   0x00000188   Code   RO          242    .text               c_p.l(__printf_flags_ss_wp.o)
    0x000006ac   0x000006ac   0x000001f8   Code   RO          253    .text               c_p.l(aeabi_sdivfast.o)
    0x000008a4   0x000008a4   0x000000b0   Code   RO          270    .text               c_p.l(_printf_intcommon.o)
    0x00000954   0x00000954   0x0000002e   Code   RO          276    .text               c_p.l(_printf_char.o)
    0x00000982   0x00000982   0x0000002e   Code   RO          278    .text               c_p.l(_printf_wchar.o)
    0x000009b0   0x000009b0   0x00000042   Code   RO          282    .text               c_p.l(_c16rtomb.o)
    0x000009f2   0x000009f2   0x00000028   Code   RO          284    .text               c_p.l(rtudiv10.o)
    0x00000a1a   0x00000a1a   0x0000003e   Code   RO          307    .text               c_p.l(sys_stackheap_outer.o)
    0x00000a58   0x00000a58   0x00000008   Code   RO          313    .text               c_p.l(rt_locale_intlibspace.o)
    0x00000a60   0x00000a60   0x00000010   Code   RO          318    .text               c_p.l(exit.o)
    0x00000a70   0x00000a70   0x00000008   Code   RO          330    .text               c_p.l(libspace.o)
    0x00000a78   0x00000a78   0x000000b0   Code   RO          342    .text               c_p.l(strcmpv6m.o)
    0x00000b28   0x00000b28   0x0000000c   Code   RO          389    .text               c_p.l(sys_exit.o)
    0x00000b34   0x00000b34   0x00000002   Code   RO          412    .text               c_p.l(use_no_semi.o)
    0x00000b36   0x00000b36   0x00000000   Code   RO          414    .text               c_p.l(indicate_semi.o)
    0x00000b36   0x00000b36   0x00000002   PAD
    0x00000b38   0x00000b38   0x000000b0   Code   RO          141    .text.ADC_Init      adc.o
    0x00000be8   0x00000be8   0x0000004c   Code   RO            2    .text.I2C_Init      i2c.o
    0x00000c34   0x00000c34   0x00000050   Code   RO           22    .text.I2C_Read      i2c.o
    0x00000c84   0x00000c84   0x0000003c   Code   RO           20    .text.I2C_Write     i2c.o
    0x00000cc0   0x00000cc0   0x000000c8   Code   RO           80    .text.LCD1602_BF_AC  lcd1602.o
    0x00000d88   0x00000d88   0x00000028   Code   RO           54    .text.LCD1602_CheckAddress  lcd1602.o
    0x00000db0   0x00000db0   0x0000000c   Code   RO           66    .text.LCD1602_ClearAll  lcd1602.o
    0x00000dbc   0x00000dbc   0x0000004c   Code   RO           52    .text.LCD1602_Init  lcd1602.o
    0x00000e08   0x00000e08   0x00000020   Code   RO           68    .text.LCD1602_Print  lcd1602.o
    0x00000e28   0x00000e28   0x0000001e   Code   RO           64    .text.LCD1602_SetCursor  lcd1602.o
    0x00000e46   0x00000e46   0x0000001a   Code   RO           78    .text.LCD1602_Write4  lcd1602.o
    0x00000e60   0x00000e60   0x00000028   Code   RO           56    .text.LCD1602_Write8  lcd1602.o
    0x00000e88   0x00000e88   0x0000002c   Code   RO           76    .text.PCF8574_Write  lcd1602.o
    0x00000eb4   0x00000eb4   0x0000004c   Code   RO          167    .text.SystemInit    system_mkl05z4.o
    0x00000f00   0x00000f00   0x00000010   Code   RO          143    .text.__NVIC_ClearPendingIRQ  adc.o
    0x00000f10   0x00000f10   0x00000010   Code   RO          145    .text.__NVIC_EnableIRQ  adc.o
    0x00000f20   0x00000f20   0x0000000c   Code   RO           34    .text.i2c_clr_IICIF  i2c.o
    0x00000f2c   0x00000f2c   0x0000000c   Code   RO           18    .text.i2c_disable   i2c.o
    0x00000f38   0x00000f38   0x0000000c   Code   RO            6    .text.i2c_enable    i2c.o
    0x00000f44   0x00000f44   0x0000000c   Code   RO           10    .text.i2c_m_start   i2c.o
    0x00000f50   0x00000f50   0x0000000c   Code   RO           16    .text.i2c_m_stop    i2c.o
    0x00000f5c   0x00000f5c   0x0000000c   Code   RO           26    .text.i2c_nack      i2c.o
    0x00000f68   0x00000f68   0x0000000c   Code   RO           24    .text.i2c_rec       i2c.o
    0x00000f74   0x00000f74   0x00000008   Code   RO           28    .text.i2c_recv      i2c.o
    0x00000f7c   0x00000f7c   0x0000000c   Code   RO           12    .text.i2c_send      i2c.o
    0x00000f88   0x00000f88   0x00000010   Code   RO            8    .text.i2c_tran      i2c.o
    0x00000f98   0x00000f98   0x0000005c   Code   RO           14    .text.i2c_wait      i2c.o
    0x00000ff4   0x00000ff4   0x00000058   Code   RO          124    .text.k_init        klaw2.o
    0x0000104c   0x0000104c   0x000000a4   Code   RO          128    .text.k_read        klaw2.o
    0x000010f0   0x000010f0   0x00000124   Code   RO          111    .text.main          main.o
    0x00001214   0x00001214   0x00000048   Code   RO          105    .text.make_a_dice_roll  main.o
    0x0000125c   0x0000125c   0x00000088   Code   RO          107    .text.show_dice_lcd  main.o
    0x000012e4   0x000012e4   0x0000007c   Code   RO          109    .text.update_kept_lcd  main.o
    0x00001360   0x00001360   0x0000000e   Code   RO          235    i._is_digit         c_p.l(__printf_wp.o)
    0x0000136e   0x0000136e   0x00000002   PAD
    0x00001370   0x00001370   0x0000002c   Code   RO          316    locale$$code        c_p.l(lc_ctype_c.o)
    0x0000139c   0x0000139c   0x00000008   Data   RO          196    .constdata          c_p.l(_printf_wctomb.o)
    0x000013a4   0x000013a4   0x00000028   Data   RO          208    .constdata          c_p.l(_printf_hex_int.o)
    0x000013cc   0x000013cc   0x00000011   Data   RO          243    .constdata          c_p.l(__printf_flags_ss_wp.o)
    0x000013dd   0x000013dd   0x00000003   PAD
    0x000013e0   0x000013e0   0x00000020   Data   RO          467    Region$$Table       anon$$obj.o
    0x00001400   0x00001400   0x00000110   Data   RO          315    locale$$data        c_p.l(lc_ctype_c.o)


    Execution Region RW_IRAM1 (Exec base: 0x1ffffc00, Load base: 0x00001510, Size: 0x000003b0, Max: 0x00001000, ABSOLUTE)

    Exec Addr    Load Addr    Size         Type   Attr      Idx    E Section Name        Object

    0x1ffffc00   0x00001510   0x00000004   Data   RW          132    .data.k_cols        klaw2.o
    0x1ffffc04   0x00001514   0x00000004   Data   RW          131    .data.k_rows        klaw2.o
    0x1ffffc08   0x00001518   0x00000010   Data   RW          130    .data.k_tab         klaw2.o
    0x1ffffc18   0x00001528   0x00000001   Data   RW           95    .data.lcd_backlight  lcd1602.o
    0x1ffffc19   0x00001529   0x00000007   PAD
    0x1ffffc20        -       0x00000060   Zero   RW          331    .bss                c_p.l(libspace.o)
    0x1ffffc80        -       0x00000014   Zero   RW          113    .bss.dice           main.o
    0x1ffffc94        -       0x00000001   Zero   RW           43    .bss.dummy          i2c.o
    0x1ffffc95        -       0x00000001   Zero   RW           42    .bss.error          i2c.o
    0x1ffffc96   0x00001529   0x00000002   PAD
    0x1ffffc98        -       0x00000014   Zero   RW          114    .bss.kept           main.o
    0x1ffffcac        -       0x00000001   Zero   RW           96    .bss.pcf_address    lcd1602.o
    0x1ffffcad   0x00001529   0x00000003   PAD
    0x1ffffcb0        -       0x00000000   Zero   RW          155    HEAP                startup_mkl05z4.o
    0x1ffffcb0        -       0x00000300   Zero   RW          154    STACK               startup_mkl05z4.o


==============================================================================

Image component sizes


      Code (inc. data)   RO Data    RW Data    ZI Data      Debug   Object Name

       208         24          0          0          0       3599   adc.o
       428         36          0          0          2       5166   i2c.o
       252         28          0         24          0       2455   klaw2.o
       500         12          0          1          1       5297   lcd1602.o
       624        148          0          0         40       2835   main.o
        68         38        192          0        768        844   startup_mkl05z4.o
        76         16          0          0          0       2334   system_mkl05z4.o

    ----------------------------------------------------------------------
      2156        302        224         28        820      22530   Object Totals
         0          0         32          0          0          0   (incl. Generated)
         0          0          0          3          9          0   (incl. Padding)

    ----------------------------------------------------------------------

      Code (inc. data)   RO Data    RW Data    ZI Data      Debug   Library Member Name

        44          4          0          0          0         84   __2sprintf.o
         8          0          0          0          0         68   __main.o
       392          6         17          0          0         76   __printf_flags_ss_wp.o
        14          0          0          0          0         60   __printf_wp.o
         0          0          0          0          0          0   __rtentry.o
        12          0          0          0          0          0   __rtentry2.o
         6          0          0          0          0          0   __rtentry4.o
        60          8          0          0          0          0   __scatter.o
        26          0          0          0          0          0   __scatter_copy.o
        28          0          0          0          0          0   __scatter_zi.o
        66          0          0          0          0         76   _c16rtomb.o
        10          0          0          0          0          0   _printf_c.o
        46          0          0          0          0        100   _printf_char.o
        48          6          0          0          0         88   _printf_char_common.o
        10          0          0          0          0          0   _printf_d.o
       108         18          0          0          0         76   _printf_dec.o
        88          4         40          0          0         72   _printf_hex_int.o
        10          0          0          0          0          0   _printf_i.o
       176          0          0          0          0         84   _printf_intcommon.o
        10          0          0          0          0          0   _printf_l.o
        10          0          0          0          0          0   _printf_lc.o
        10          0          0          0          0          0   _printf_o.o
        80          8          0          0          0         72   _printf_oct_int.o
        78          0          0          0          0        100   _printf_pad.o
         2          0          0          0          0          0   _printf_percent.o
         4          0          0          0          0          0   _printf_percent_end.o
        82          0          0          0          0         72   _printf_str.o
        36          0          0          0          0         76   _printf_truncate.o
        10          0          0          0          0          0   _printf_u.o
        46          0          0          0          0        100   _printf_wchar.o
       188          6          8          0          0         80   _printf_wctomb.o
        10          0          0          0          0          0   _printf_x.o
        10          0          0          0          0         60   _sputc.o
       504          4          0          0          0         92   aeabi_sdivfast.o
        16          0          0          0          0         68   exit.o
         6          0          0          0          0        136   heapauxi.o
         0          0          0          0          0          0   indicate_semi.o
        44         10        272          0          0         76   lc_ctype_c.o
         2          0          0          0          0          0   libinit.o
        20          0          0          0          0          0   libinit2.o
         2          0          0          0          0          0   libshutdown.o
         2          0          0          0          0          0   libshutdown2.o
         8          4          0          0         96         68   libspace.o
        16          4          0          0          0         76   rt_ctype_table.o
         8          4          0          0          0         68   rt_locale_intlibspace.o
         2          0          0          0          0          0   rtexit.o
        10          0          0          0          0          0   rtexit2.o
        40          0          0          0          0         60   rtudiv10.o
       176          4          0          0          0         80   strcmpv6m.o
        12          4          0          0          0         60   sys_exit.o
        62          0          0          0          0         80   sys_stackheap_outer.o
         2          0          0          0          0         68   use_no_semi.o

    ----------------------------------------------------------------------
      2672         94        340          0         96       2276   Library Totals
        12          0          3          0          0          0   (incl. Padding)

    ----------------------------------------------------------------------

      Code (inc. data)   RO Data    RW Data    ZI Data      Debug   Library Name

      2660         94        337          0         96       2276   c_p.l

    ----------------------------------------------------------------------
      2672         94        340          0         96       2276   Library Totals

    ----------------------------------------------------------------------

==============================================================================


      Code (inc. data)   RO Data    RW Data    ZI Data      Debug   

      4828        396        564         28        916      23606   Grand Totals
      4828        396        564         28        916      23606   ELF Image Totals
      4828        396        564         28          0          0   ROM Totals

==============================================================================

    Total RO  Size (Code + RO Data)                 5392 (   5.27kB)
    Total RW  Size (RW Data + ZI Data)               944 (   0.92kB)
    Total ROM Size (Code + RO Data + RW Data)       5420 (   5.29kB)

==============================================================================

